Component: Arm Compiler for Embedded 6.22 Tool: armlink [5ee90200]

==============================================================================

Section Cross References

    startup_stm32f407xx.o(STACK) refers (Special) to heapauxi.o(.text) for __use_two_region_memory
    startup_stm32f407xx.o(HEAP) refers (Special) to heapauxi.o(.text) for __use_two_region_memory
    startup_stm32f407xx.o(RESET) refers (Special) to heapauxi.o(.text) for __use_two_region_memory
    startup_stm32f407xx.o(RESET) refers to startup_stm32f407xx.o(STACK) for __initial_sp
    startup_stm32f407xx.o(RESET) refers to startup_stm32f407xx.o(.text) for Reset_Handler
    startup_stm32f407xx.o(RESET) refers to stm32f4xx_it.o(.text.NMI_Handler) for NMI_Handler
    startup_stm32f407xx.o(RESET) refers to stm32f4xx_it.o(.text.HardFault_Handler) for HardFault_Handler
    startup_stm32f407xx.o(RESET) refers to stm32f4xx_it.o(.text.MemManage_Handler) for MemManage_Handler
    startup_stm32f407xx.o(RESET) refers to stm32f4xx_it.o(.text.BusFault_Handler) for BusFault_Handler
    startup_stm32f407xx.o(RESET) refers to stm32f4xx_it.o(.text.UsageFault_Handler) for UsageFault_Handler
    startup_stm32f407xx.o(RESET) refers to stm32f4xx_it.o(.text.SVC_Handler) for SVC_Handler
    startup_stm32f407xx.o(RESET) refers to stm32f4xx_it.o(.text.DebugMon_Handler) for DebugMon_Handler
    startup_stm32f407xx.o(RESET) refers to stm32f4xx_it.o(.text.PendSV_Handler) for PendSV_Handler
    startup_stm32f407xx.o(RESET) refers to stm32f4xx_it.o(.text.SysTick_Handler) for SysTick_Handler
    startup_stm32f407xx.o(RESET) refers to stm32f4xx_it.o(.text.EXTI0_IRQHandler) for EXTI0_IRQHandler
    startup_stm32f407xx.o(RESET) refers to stm32f4xx_it.o(.text.EXTI3_IRQHandler) for EXTI3_IRQHandler
    startup_stm32f407xx.o(RESET) refers to stm32f4xx_it.o(.text.EXTI4_IRQHandler) for EXTI4_IRQHandler
    startup_stm32f407xx.o(RESET) refers to stm32f4xx_it.o(.text.DMA1_Stream1_IRQHandler) for DMA1_Stream1_IRQHandler
    startup_stm32f407xx.o(RESET) refers to stm32f4xx_it.o(.text.DMA1_Stream2_IRQHandler) for DMA1_Stream2_IRQHandler
    startup_stm32f407xx.o(RESET) refers to stm32f4xx_it.o(.text.DMA1_Stream4_IRQHandler) for DMA1_Stream4_IRQHandler
    startup_stm32f407xx.o(RESET) refers to stm32f4xx_it.o(.text.CAN1_RX0_IRQHandler) for CAN1_RX0_IRQHandler
    startup_stm32f407xx.o(RESET) refers to stm32f4xx_it.o(.text.CAN1_RX1_IRQHandler) for CAN1_RX1_IRQHandler
    startup_stm32f407xx.o(RESET) refers to stm32f4xx_it.o(.text.EXTI9_5_IRQHandler) for EXTI9_5_IRQHandler
    startup_stm32f407xx.o(RESET) refers to stm32f4xx_it.o(.text.TIM4_IRQHandler) for TIM4_IRQHandler
    startup_stm32f407xx.o(RESET) refers to stm32f4xx_it.o(.text.USART1_IRQHandler) for USART1_IRQHandler
    startup_stm32f407xx.o(RESET) refers to stm32f4xx_it.o(.text.USART3_IRQHandler) for USART3_IRQHandler
    startup_stm32f407xx.o(RESET) refers to stm32f4xx_it.o(.text.TIM5_IRQHandler) for TIM5_IRQHandler
    startup_stm32f407xx.o(RESET) refers to stm32f4xx_it.o(.text.DMA2_Stream1_IRQHandler) for DMA2_Stream1_IRQHandler
    startup_stm32f407xx.o(RESET) refers to stm32f4xx_it.o(.text.DMA2_Stream2_IRQHandler) for DMA2_Stream2_IRQHandler
    startup_stm32f407xx.o(RESET) refers to stm32f4xx_it.o(.text.DMA2_Stream3_IRQHandler) for DMA2_Stream3_IRQHandler
    startup_stm32f407xx.o(RESET) refers to stm32f4xx_it.o(.text.CAN2_RX0_IRQHandler) for CAN2_RX0_IRQHandler
    startup_stm32f407xx.o(RESET) refers to stm32f4xx_it.o(.text.CAN2_RX1_IRQHandler) for CAN2_RX1_IRQHandler
    startup_stm32f407xx.o(RESET) refers to stm32f4xx_it.o(.text.OTG_FS_IRQHandler) for OTG_FS_IRQHandler
    startup_stm32f407xx.o(RESET) refers to stm32f4xx_it.o(.text.DMA2_Stream5_IRQHandler) for DMA2_Stream5_IRQHandler
    startup_stm32f407xx.o(RESET) refers to stm32f4xx_it.o(.text.DMA2_Stream6_IRQHandler) for DMA2_Stream6_IRQHandler
    startup_stm32f407xx.o(RESET) refers to stm32f4xx_it.o(.text.USART6_IRQHandler) for USART6_IRQHandler
    startup_stm32f407xx.o(.text) refers (Special) to heapauxi.o(.text) for __use_two_region_memory
    startup_stm32f407xx.o(.text) refers to system_stm32f4xx.o(.text.SystemInit) for SystemInit
    startup_stm32f407xx.o(.text) refers to __main.o(!!!main) for __main
    startup_stm32f407xx.o(.text) refers to startup_stm32f407xx.o(HEAP) for Heap_Mem
    startup_stm32f407xx.o(.text) refers to startup_stm32f407xx.o(STACK) for Stack_Mem
    main.o(.text.main) refers to stm32f4xx_hal.o(.text.HAL_Init) for HAL_Init
    main.o(.text.main) refers to main.o(.text.SystemClock_Config) for SystemClock_Config
    main.o(.text.main) refers to gpio.o(.text.MX_GPIO_Init) for MX_GPIO_Init
    main.o(.text.main) refers to dma.o(.text.MX_DMA_Init) for MX_DMA_Init
    main.o(.text.main) refers to can.o(.text.MX_CAN2_Init) for MX_CAN2_Init
    main.o(.text.main) refers to tim.o(.text.MX_TIM3_Init) for MX_TIM3_Init
    main.o(.text.main) refers to can.o(.text.MX_CAN1_Init) for MX_CAN1_Init
[...]
    HAL_NVIC_SetPriorityGrouping             0x080018b5   Thumb Code    32  stm32f4xx_hal_cortex.o(.text.HAL_NVIC_SetPriorityGrouping)
    HAL_PCDEx_LPM_Callback                   0x080018d5   Thumb Code     2  stm32f4xx_hal_pcd_ex.o(.text.HAL_PCDEx_LPM_Callback)
    HAL_PCDEx_SetRxFiFo                      0x080018d9   Thumb Code     8  stm32f4xx_hal_pcd_ex.o(.text.HAL_PCDEx_SetRxFiFo)
    HAL_PCDEx_SetTxFiFo                      0x080018e1   Thumb Code   206  stm32f4xx_hal_pcd_ex.o(.text.HAL_PCDEx_SetTxFiFo)
    HAL_PCD_ConnectCallback                  0x080019b1   Thumb Code     8  usbd_conf.o(.text.HAL_PCD_ConnectCallback)
    HAL_PCD_DataInStageCallback              0x080019b9   Thumb Code    20  usbd_conf.o(.text.HAL_PCD_DataInStageCallback)
    HAL_PCD_DataOutStageCallback             0x080019cd   Thumb Code    22  usbd_conf.o(.text.HAL_PCD_DataOutStageCallback)
    HAL_PCD_DisconnectCallback               0x080019e5   Thumb Code     8  usbd_conf.o(.text.HAL_PCD_DisconnectCallback)
    HAL_PCD_EP_Close                         0x080019ed   Thumb Code    78  stm32f4xx_hal_pcd.o(.text.HAL_PCD_EP_Close)
    HAL_PCD_EP_ClrStall                      0x08001a3d   Thumb Code    96  stm32f4xx_hal_pcd.o(.text.HAL_PCD_EP_ClrStall)
    HAL_PCD_EP_GetRxCount                    0x08001a9d   Thumb Code    18  stm32f4xx_hal_pcd.o(.text.HAL_PCD_EP_GetRxCount)
    HAL_PCD_EP_Open                          0x08001ab1   Thumb Code   116  stm32f4xx_hal_pcd.o(.text.HAL_PCD_EP_Open)
    HAL_PCD_EP_Receive                       0x08001b25   Thumb Code    66  stm32f4xx_hal_pcd.o(.text.HAL_PCD_EP_Receive)
    HAL_PCD_EP_SetStall                      0x08001b69   Thumb Code   110  stm32f4xx_hal_pcd.o(.text.HAL_PCD_EP_SetStall)
    HAL_PCD_EP_Transmit                      0x08001bd9   Thumb Code    58  stm32f4xx_hal_pcd.o(.text.HAL_PCD_EP_Transmit)
    HAL_PCD_IRQHandler                       0x08001c15   Thumb Code  2310  stm32f4xx_hal_pcd.o(.text.HAL_PCD_IRQHandler)
    HAL_PCD_ISOINIncompleteCallback          0x0800251d   Thumb Code     8  usbd_conf.o(.text.HAL_PCD_ISOINIncompleteCallback)
    HAL_PCD_ISOOUTIncompleteCallback         0x08002525   Thumb Code     8  usbd_conf.o(.text.HAL_PCD_ISOOUTIncompleteCallback)
    HAL_PCD_Init                             0x0800252d   Thumb Code   622  stm32f4xx_hal_pcd.o(.text.HAL_PCD_Init)
    HAL_PCD_MspInit                          0x0800279d   Thumb Code   136  usbd_conf.o(.text.HAL_PCD_MspInit)
    HAL_PCD_ResetCallback                    0x08002825   Thumb Code    42  usbd_conf.o(.text.HAL_PCD_ResetCallback)
    HAL_PCD_ResumeCallback                   0x08002851   Thumb Code     8  usbd_conf.o(.text.HAL_PCD_ResumeCallback)
    HAL_PCD_SOFCallback                      0x08002859   Thumb Code     8  usbd_conf.o(.text.HAL_PCD_SOFCallback)
    HAL_PCD_SetAddress                       0x08002861   Thumb Code    40  stm32f4xx_hal_pcd.o(.text.HAL_PCD_SetAddress)
    HAL_PCD_SetupStageCallback               0x08002889   Thumb Code    14  usbd_conf.o(.text.HAL_PCD_SetupStageCallback)
    HAL_PCD_Start                            0x08002899   Thumb Code    62  stm32f4xx_hal_pcd.o(.text.HAL_PCD_Start)
    HAL_PCD_SuspendCallback                  0x080028d9   Thumb Code    52  usbd_conf.o(.text.HAL_PCD_SuspendCallback)
    HAL_RCC_ClockConfig                      0x0800290d   Thumb Code   356  stm32f4xx_hal_rcc.o(.text.HAL_RCC_ClockConfig)
    HAL_RCC_GetHCLKFreq                      0x08002a71   Thumb Code    12  stm32f4xx_hal_rcc.o(.text.HAL_RCC_GetHCLKFreq)
    HAL_RCC_GetPCLK1Freq                     0x08002a7d   Thumb Code    38  stm32f4xx_hal_rcc.o(.text.HAL_RCC_GetPCLK1Freq)
    HAL_RCC_GetPCLK2Freq                     0x08002aa5   Thumb Code    38  stm32f4xx_hal_rcc.o(.text.HAL_RCC_GetPCLK2Freq)
    HAL_RCC_GetSysClockFreq                  0x08002acd   Thumb Code   106  stm32f4xx_hal_rcc.o(.text.HAL_RCC_GetSysClockFreq)
    HAL_RCC_OscConfig                        0x08002b39   Thumb Code   940  stm32f4xx_hal_rcc.o(.text.HAL_RCC_OscConfig)
    HAL_SPI_Init                             0x08002ee5   Thumb Code   176  stm32f4xx_hal_spi.o(.text.HAL_SPI_Init)
    HAL_SPI_MspInit                          0x08002f95   Thumb Code   328  spi.o(.text.HAL_SPI_MspInit)
    HAL_SYSTICK_Config                       0x080030dd   Thumb Code    44  stm32f4xx_hal_cortex.o(.text.HAL_SYSTICK_Config)
    HAL_TIMEx_BreakCallback                  0x08003109   Thumb Code     2  stm32f4xx_hal_tim_ex.o(.text.HAL_TIMEx_BreakCallback)
    HAL_TIMEx_CommutCallback                 0x0800310d   Thumb Code     2  stm32f4xx_hal_tim_ex.o(.text.HAL_TIMEx_CommutCallback)
    HAL_TIMEx_ConfigBreakDeadTime            0x08003111   Thumb Code    76  stm32f4xx_hal_tim_ex.o(.text.HAL_TIMEx_ConfigBreakDeadTime)
    HAL_TIMEx_MasterConfigSynchronization    0x0800315d   Thumb Code   186  stm32f4xx_hal_tim_ex.o(.text.HAL_TIMEx_MasterConfigSynchronization)
    HAL_TIM_Base_Init                        0x08003219   Thumb Code    90  stm32f4xx_hal_tim.o(.text.HAL_TIM_Base_Init)
    HAL_TIM_Base_MspInit                     0x08003275   Thumb Code   270  tim.o(.text.HAL_TIM_Base_MspInit)
    HAL_TIM_Base_Start_IT                    0x08003385   Thumb Code   170  stm32f4xx_hal_tim.o(.text.HAL_TIM_Base_Start_IT)
    HAL_TIM_ConfigClockSource                0x08003431   Thumb Code   416  stm32f4xx_hal_tim.o(.text.HAL_TIM_ConfigClockSource)
    HAL_TIM_IC_CaptureCallback               0x080035d1   Thumb Code     2  stm32f4xx_hal_tim.o(.text.HAL_TIM_IC_CaptureCallback)
    HAL_TIM_IRQHandler                       0x080035d5   Thumb Code   334  stm32f4xx_hal_tim.o(.text.HAL_TIM_IRQHandler)
    HAL_TIM_OC_DelayElapsedCallback          0x08003725   Thumb Code     2  stm32f4xx_hal_tim.o(.text.HAL_TIM_OC_DelayElapsedCallback)
    HAL_TIM_PWM_ConfigChannel                0x08003729   Thumb Code   544  stm32f4xx_hal_tim.o(.text.HAL_TIM_PWM_ConfigChannel)
    HAL_TIM_PWM_Init                         0x08003949   Thumb Code    90  stm32f4xx_hal_tim.o(.text.HAL_TIM_PWM_Init)
    HAL_TIM_PWM_MspInit                      0x080039a5   Thumb Code     2  stm32f4xx_hal_tim.o(.text.HAL_TIM_PWM_MspInit)
    HAL_TIM_PWM_PulseFinishedCallback        0x080039a9   Thumb Code     2  stm32f4xx_hal_tim.o(.text.HAL_TIM_PWM_PulseFinishedCallback)
    HAL_TIM_PeriodElapsedCallback            0x080039ad   Thumb Code   114  drv_tim.o(.text.HAL_TIM_PeriodElapsedCallback)
    HAL_TIM_TriggerCallback                  0x08003a21   Thumb Code     2  stm32f4xx_hal_tim.o(.text.HAL_TIM_TriggerCallback)
    HAL_UARTEx_ReceiveToIdle_DMA             0x08003a25   Thumb Code   484  stm32f4xx_hal_uart.o(.text.HAL_UARTEx_ReceiveToIdle_DMA)
    HAL_UARTEx_RxEventCallback               0x08003c09   Thumb Code   178  drv_uart.o(.text.HAL_UARTEx_RxEventCallback)
    HAL_UART_ErrorCallback                   0x08003cbd   Thumb Code     2  stm32f4xx_hal_uart.o(.text.HAL_UART_ErrorCallback)
    HAL_UART_IRQHandler                      0x08003cc1   Thumb Code  1392  stm32f4xx_hal_uart.o(.text.HAL_UART_IRQHandler)
    HAL_UART_Init                            0x08004231   Thumb Code    96  stm32f4xx_hal_uart.o(.text.HAL_UART_Init)
    HAL_UART_MspInit                         0x08004291   Thumb Code   700  usart.o(.text.HAL_UART_MspInit)
    HAL_UART_RxCpltCallback                  0x0800454d   Thumb Code     2  stm32f4xx_hal_uart.o(.text.HAL_UART_RxCpltCallback)
    HAL_UART_RxHalfCpltCallback              0x08004551   Thumb Code     2  stm32f4xx_hal_uart.o(.text.HAL_UART_RxHalfCpltCallback)
    HAL_UART_TxCpltCallback                  0x08004555   Thumb Code     2  stm32f4xx_hal_uart.o(.text.HAL_UART_TxCpltCallback)
    HardFault_Handler                        0x08004559   Thumb Code     2  stm32f4xx_it.o(.text.HardFault_Handler)
    MX_CAN1_Init                             0x0800455d   Thumb Code    72  can.o(.text.MX_CAN1_Init)
    MX_CAN2_Init                             0x080045a5   Thumb Code    72  can.o(.text.MX_CAN2_Init)
    MX_DMA_Init                              0x080045ed   Thumb Code   188  dma.o(.text.MX_DMA_Init)
    MX_GPIO_Init                             0x080046a9   Thumb Code   404  gpio.o(.text.MX_GPIO_Init)
    MX_I2C3_Init                             0x0800483d   Thumb Code    66  i2c.o(.text.MX_I2C3_Init)
    MX_SPI1_Init                             0x08004881   Thumb Code    82  spi.o(.text.MX_SPI1_Init)
    MX_TIM10_Init                            0x080048d5   Thumb Code   252  tim.o(.text.MX_TIM10_Init)
    MX_TIM1_Init                             0x080049d1   Thumb Code   388  tim.o(.text.MX_TIM1_Init)
    MX_TIM3_Init                             0x08004b55   Thumb Code   116  tim.o(.text.MX_TIM3_Init)
    MX_TIM4_Init                             0x08004bc9   Thumb Code   116  tim.o(.text.MX_TIM4_Init)
    MX_TIM5_Init                             0x08004c3d   Thumb Code   116  tim.o(.text.MX_TIM5_Init)
    MX_USART1_UART_Init                      0x08004cb1   Thumb Code    60  usart.o(.text.MX_USART1_UART_Init)
    MX_USART3_UART_Init                      0x08004ced   Thumb Code    72  usart.o(.text.MX_USART3_UART_Init)
    MX_USART6_UART_Init                      0x08004d35   Thumb Code    60  usart.o(.text.MX_USART6_UART_Init)
    MX_USB_DEVICE_Init                       0x08004d71   Thumb Code   114  usb_device.o(.text.MX_USB_DEVICE_Init)
    MemManage_Handler                        0x08004de5   Thumb Code     2  stm32f4xx_it.o(.text.MemManage_Handler)
    NMI_Handler                              0x08004de9   Thumb Code     2  stm32f4xx_it.o(.text.NMI_Handler)
    OTG_FS_IRQHandler                        0x08004ded   Thumb Code    12  stm32f4xx_it.o(.text.OTG_FS_IRQHandler)
    PendSV_Handler                           0x08004df9   Thumb Code     2  stm32f4xx_it.o(.text.PendSV_Handler)
    SVC_Handler                              0x08004dfd   Thumb Code     2  stm32f4xx_it.o(.text.SVC_Handler)
    SysTick_Handler                          0x08004e01   Thumb Code     4  stm32f4xx_it.o(.text.SysTick_Handler)
    SystemClock_Config                       0x08004e05   Thumb Code   172  main.o(.text.SystemClock_Config)
    SystemInit                               0x08004eb1   Thumb Code    18  system_stm32f4xx.o(.text.SystemInit)
    TIM4_IRQHandler                          0x08004ec5   Thumb Code    12  stm32f4xx_it.o(.text.TIM4_IRQHandler)
    TIM5_IRQHandler                          0x08004ed1   Thumb Code    12  stm32f4xx_it.o(.text.TIM5_IRQHandler)
    TIM_Base_SetConfig                       0x08004edd   Thumb Code   324  stm32f4xx_hal_tim.o(.text.TIM_Base_SetConfig)
    TIM_Init                                 0x08005021   Thumb Code   132  drv_tim.o(.text.TIM_Init)
    Task_Init                                0x080050a5   Thumb Code    86  task_callback_and_config.o(.text.Task_Init)
    USART1_IRQHandler                        0x080055e5   Thumb Code    12  stm32f4xx_it.o(.text.USART1_IRQHandler)
    USART3_IRQHandler                        0x080055f1   Thumb Code    12  stm32f4xx_it.o(.text.USART3_IRQHandler)
    USART6_IRQHandler                        0x080055fd   Thumb Code    12  stm32f4xx_it.o(.text.USART6_IRQHandler)
    USBD_CDC_GetDeviceQualifierDescriptor    0x08005751   Thumb Code    16  usbd_cdc.o(.text.USBD_CDC_GetDeviceQualifierDescriptor)
    USBD_CDC_ReceivePacket                   0x08005929   Thumb Code    52  usbd_cdc.o(.text.USBD_CDC_ReceivePacket)
    USBD_CDC_RegisterInterface               0x0800595d   Thumb Code    24  usbd_cdc.o(.text.USBD_CDC_RegisterInterface)
    USBD_CDC_SetRxBuffer                     0x08005975   Thumb Code    26  usbd_cdc.o(.text.USBD_CDC_SetRxBuffer)
    USBD_CDC_SetTxBuffer                     0x08005991   Thumb Code    30  usbd_cdc.o(.text.USBD_CDC_SetTxBuffer)
    USBD_ClrClassConfig                      0x08005a99   Thumb Code    18  usbd_core.o(.text.USBD_ClrClassConfig)
    USBD_CoreFindEP                          0x08005aad   Thumb Code     4  usbd_core.o(.text.USBD_CoreFindEP)
    USBD_CoreFindIF                          0x08005ab1   Thumb Code     4  usbd_core.o(.text.USBD_CoreFindIF)
    USBD_CtlContinueRx                       0x08005ab5   Thumb Code    16  usbd_ioreq.o(.text.USBD_CtlContinueRx)
    USBD_CtlContinueSendData                 0x08005ac5   Thumb Code    16  usbd_ioreq.o(.text.USBD_CtlContinueSendData)
    USBD_CtlError                            0x08005ad5   Thumb Code    22  usbd_ctlreq.o(.text.USBD_CtlError)
    USBD_CtlPrepareRx                        0x08005aed   Thumb Code    26  usbd_ioreq.o(.text.USBD_CtlPrepareRx)
    USBD_CtlReceiveStatus                    0x08005b09   Thumb Code    22  usbd_ioreq.o(.text.USBD_CtlReceiveStatus)
    USBD_CtlSendData                         0x08005b21   Thumb Code    26  usbd_ioreq.o(.text.USBD_CtlSendData)
    USBD_CtlSendStatus                       0x08005b3d   Thumb Code    22  usbd_ioreq.o(.text.USBD_CtlSendStatus)
    USBD_FS_ConfigStrDescriptor              0x08005b55   Thumb Code    24  usbd_desc.o(.text.USBD_FS_ConfigStrDescriptor)
    USBD_FS_DeviceDescriptor                 0x08005b79   Thumb Code    14  usbd_desc.o(.text.USBD_FS_DeviceDescriptor)
    USBD_FS_InterfaceStrDescriptor           0x08005b89   Thumb Code    24  usbd_desc.o(.text.USBD_FS_InterfaceStrDescriptor)
    USBD_FS_LangIDStrDescriptor              0x08005bb1   Thumb Code    14  usbd_desc.o(.text.USBD_FS_LangIDStrDescriptor)
    USBD_FS_ManufacturerStrDescriptor        0x08005bc1   Thumb Code    24  usbd_desc.o(.text.USBD_FS_ManufacturerStrDescriptor)
    USBD_FS_ProductStrDescriptor             0x08005bed   Thumb Code    24  usbd_desc.o(.text.USBD_FS_ProductStrDescriptor)
    USBD_FS_SerialStrDescriptor              0x08005c1d   Thumb Code   368  usbd_desc.o(.text.USBD_FS_SerialStrDescriptor)
    USBD_GetEpDesc                           0x08005d8d   Thumb Code   132  usbd_core.o(.text.USBD_GetEpDesc)
    USBD_GetString                           0x08005e11   Thumb Code   254  usbd_ctlreq.o(.text.USBD_GetString)
    USBD_Init                                0x08005f11   Thumb Code    42  usbd_core.o(.text.USBD_Init)
    USBD_LL_ClearStallEP                     0x08005f3d   Thumb Code    34  usbd_conf.o(.text.USBD_LL_ClearStallEP)
    USBD_LL_CloseEP                          0x08005f61   Thumb Code    34  usbd_conf.o(.text.USBD_LL_CloseEP)
    USBD_LL_DataInStage                      0x08005f85   Thumb Code   182  usbd_core.o(.text.USBD_LL_DataInStage)
    USBD_LL_DataOutStage                     0x0800603d   Thumb Code   112  usbd_core.o(.text.USBD_LL_DataOutStage)
    USBD_LL_DevConnected                     0x080060ad   Thumb Code     4  usbd_core.o(.text.USBD_LL_DevConnected)
    USBD_LL_DevDisconnected                  0x080060b1   Thumb Code    34  usbd_core.o(.text.USBD_LL_DevDisconnected)
    USBD_LL_GetRxDataSize                    0x080060d5   Thumb Code     8  usbd_conf.o(.text.USBD_LL_GetRxDataSize)
    USBD_LL_Init                             0x080060dd   Thumb Code   110  usbd_conf.o(.text.USBD_LL_Init)
    USBD_LL_IsStallEP                        0x0800614d   Thumb Code    42  usbd_conf.o(.text.USBD_LL_IsStallEP)
    USBD_LL_IsoINIncomplete                  0x08006179   Thumb Code    44  usbd_core.o(.text.USBD_LL_IsoINIncomplete)
    USBD_LL_IsoOUTIncomplete                 0x080061a5   Thumb Code    44  usbd_core.o(.text.USBD_LL_IsoOUTIncomplete)
    USBD_LL_OpenEP                           0x080061d1   Thumb Code    40  usbd_conf.o(.text.USBD_LL_OpenEP)
    USBD_LL_PrepareReceive                   0x080061f9   Thumb Code    34  usbd_conf.o(.text.USBD_LL_PrepareReceive)
    USBD_LL_Reset                            0x0800621d   Thumb Code    96  usbd_core.o(.text.USBD_LL_Reset)
    USBD_LL_Resume                           0x0800627d   Thumb Code    20  usbd_core.o(.text.USBD_LL_Resume)
    USBD_LL_SOF                              0x08006291   Thumb Code    30  usbd_core.o(.text.USBD_LL_SOF)
    USBD_LL_SetSpeed                         0x080062b1   Thumb Code     8  usbd_core.o(.text.USBD_LL_SetSpeed)
    USBD_LL_SetUSBAddress                    0x080062b9   Thumb Code    34  usbd_conf.o(.text.USBD_LL_SetUSBAddress)
    USBD_LL_SetupStage                       0x080062dd   Thumb Code    98  usbd_core.o(.text.USBD_LL_SetupStage)
    USBD_LL_StallEP                          0x08006341   Thumb Code    34  usbd_conf.o(.text.USBD_LL_StallEP)
    USBD_LL_Start                            0x08006365   Thumb Code    34  usbd_conf.o(.text.USBD_LL_Start)
    USBD_LL_Suspend                          0x08006389   Thumb Code    28  usbd_core.o(.text.USBD_LL_Suspend)
    USBD_LL_Transmit                         0x080063a5   Thumb Code    34  usbd_conf.o(.text.USBD_LL_Transmit)
    USBD_ParseSetupRequest                   0x080063c9   Thumb Code    22  usbd_ctlreq.o(.text.USBD_ParseSetupRequest)
    USBD_RegisterClass                       0x080063e1   Thumb Code    66  usbd_core.o(.text.USBD_RegisterClass)
    USBD_SetClassConfig                      0x08006425   Thumb Code    16  usbd_core.o(.text.USBD_SetClassConfig)
    USBD_Start                               0x08006435   Thumb Code     4  usbd_core.o(.text.USBD_Start)
    USBD_StdDevReq                           0x08006439   Thumb Code   900  usbd_ctlreq.o(.text.USBD_StdDevReq)
    USBD_StdEPReq                            0x080067bd   Thumb Code   358  usbd_ctlreq.o(.text.USBD_StdEPReq)
    USBD_StdItfReq                           0x08006925   Thumb Code   120  usbd_ctlreq.o(.text.USBD_StdItfReq)
    USBD_static_free                         0x0800699d   Thumb Code     2  usbd_conf.o(.text.USBD_static_free)
    USBD_static_malloc                       0x080069a1   Thumb Code    10  usbd_conf.o(.text.USBD_static_malloc)
    USB_ActivateEndpoint                     0x080069ad   Thumb Code   130  stm32f4xx_ll_usb.o(.text.USB_ActivateEndpoint)
    USB_ActivateSetup                        0x08006a31   Thumb Code    32  stm32f4xx_ll_usb.o(.text.USB_ActivateSetup)
    USB_CoreInit                             0x08006a51   Thumb Code   530  stm32f4xx_ll_usb.o(.text.USB_CoreInit)
    USB_DeactivateEndpoint                   0x08006c65   Thumb Code   130  stm32f4xx_ll_usb.o(.text.USB_DeactivateEndpoint)
    USB_DevConnect                           0x08006ce9   Thumb Code    30  stm32f4xx_ll_usb.o(.text.USB_DevConnect)
    USB_DevDisconnect                        0x08006d09   Thumb Code    30  stm32f4xx_ll_usb.o(.text.USB_DevDisconnect)
    USB_DevInit                              0x08006d29   Thumb Code  1206  stm32f4xx_ll_usb.o(.text.USB_DevInit)
    USB_DisableGlobalInt                     0x080071e1   Thumb Code    14  stm32f4xx_ll_usb.o(.text.USB_DisableGlobalInt)
    USB_EP0_OutStart                         0x080071f1   Thumb Code    90  stm32f4xx_ll_usb.o(.text.USB_EP0_OutStart)
    USB_EPClearStall                         0x0800724d   Thumb Code    82  stm32f4xx_ll_usb.o(.text.USB_EPClearStall)
    USB_EPSetStall                           0x080072a1   Thumb Code    62  stm32f4xx_ll_usb.o(.text.USB_EPSetStall)
    USB_EPStartXfer                          0x080072e1   Thumb Code   570  stm32f4xx_ll_usb.o(.text.USB_EPStartXfer)
    USB_EPStopXfer                           0x0800751d   Thumb Code   270  stm32f4xx_ll_usb.o(.text.USB_EPStopXfer)
    USB_EnableGlobalInt                      0x0800762d   Thumb Code    14  stm32f4xx_ll_usb.o(.text.USB_EnableGlobalInt)
    USB_FlushTxFifo                          0x0800763d   Thumb Code   190  stm32f4xx_ll_usb.o(.text.USB_FlushTxFifo)
    USB_GetDevSpeed                          0x080076fd   Thumb Code    26  stm32f4xx_ll_usb.o(.text.USB_GetDevSpeed)
    USB_GetMode                              0x08007719   Thumb Code     8  stm32f4xx_ll_usb.o(.text.USB_GetMode)
    USB_ReadDevAllInEpInterrupt              0x08007721   Thumb Code    14  stm32f4xx_ll_usb.o(.text.USB_ReadDevAllInEpInterrupt)
    USB_ReadDevAllOutEpInterrupt             0x08007731   Thumb Code    14  stm32f4xx_ll_usb.o(.text.USB_ReadDevAllOutEpInterrupt)
    USB_ReadDevInEPInterrupt                 0x08007741   Thumb Code    36  stm32f4xx_ll_usb.o(.text.USB_ReadDevInEPInterrupt)
    USB_ReadDevOutEPInterrupt                0x08007765   Thumb Code    16  stm32f4xx_ll_usb.o(.text.USB_ReadDevOutEPInterrupt)
    USB_ReadInterrupts                       0x08007775   Thumb Code     8  stm32f4xx_ll_usb.o(.text.USB_ReadInterrupts)
    USB_ReadPacket                           0x0800777d   Thumb Code   170  stm32f4xx_ll_usb.o(.text.USB_ReadPacket)
    USB_SetCurrentMode                       0x08007829   Thumb Code   872  stm32f4xx_ll_usb.o(.text.USB_SetCurrentMode)
    USB_SetDevAddress                        0x08007b91   Thumb Code    34  stm32f4xx_ll_usb.o(.text.USB_SetDevAddress)
    USB_SetTurnaroundTime                    0x08007bb5   Thumb Code   280  stm32f4xx_ll_usb.o(.text.USB_SetTurnaroundTime)
    USB_WritePacket                          0x08007ccd   Thumb Code   106  stm32f4xx_ll_usb.o(.text.USB_WritePacket)
    UsageFault_Handler                       0x08007d39   Thumb Code     2  stm32f4xx_it.o(.text.UsageFault_Handler)
    Math_Int_To_Float(int, int, int, float, float) 0x08007d3d   Thumb Code    38  drv_math.o(.text._Z17Math_Int_To_Floatiiiff)
    Task1ms_TIM5_Callback()                  0x08007d65   Thumb Code   134  task_callback_and_config.o(.text._Z21Task1ms_TIM5_Callbackv)
    Math_Endian_Reverse_16(void*, void*)     0x08007ded   Thumb Code    10  drv_math.o(.text._Z22Math_Endian_Reverse_16PvS_)
    Chariot_Device_CAN1_Callback(Struct_CAN_Rx_Buffer*) 0x08007df9   Thumb Code    28  task_callback_and_config.o(.text._Z28Chariot_Device_CAN1_CallbackP20Struct_CAN_Rx_Buffer)
    Chariot_Device_CAN2_Callback(Struct_CAN_Rx_Buffer*) 0x08007e25   Thumb Code    50  task_callback_and_config.o(.text._Z28Chariot_Device_CAN2_CallbackP20Struct_CAN_Rx_Buffer)
    TIM_CAN_PeriodElapsedCallback()          0x08007e59   Thumb Code    98  drv_can.o(.text._Z29TIM_CAN_PeriodElapsedCallbackv)
    CAN_Init(CAN_HandleTypeDef*, void (*)(Struct_CAN_Rx_Buffer*)) 0x08007ebd   Thumb Code   238  drv_can.o(.text._Z8CAN_InitP17CAN_HandleTypeDefPFvP20Struct_CAN_Rx_BufferE)
    Class_Slope::TIM_Calculate_PeriodElapsedCallback() 0x08007fad   Thumb Code   210  alg_slope.o(.text._ZN11Class_Slope35TIM_Calculate_PeriodElapsedCallbackEv)
    Class_Slope::Init(float, float)          0x08008081   Thumb Code    14  alg_slope.o(.text._ZN11Class_Slope4InitEff)
    Class_Chariot::CAN_Chassis_Rx_Gimbal_Callback() 0x08008091   Thumb Code   164  ita_chariot.o(.text._ZN13Class_Chariot30CAN_Chassis_Rx_Gimbal_CallbackEv)
    Class_Chariot::TIM_Chariot_PeriodElapsedCallback() 0x08008139   Thumb Code     6  ita_chariot.o(.text._ZN13Class_Chariot33TIM_Chariot_PeriodElapsedCallbackEv)
    Class_Chariot::Init()                    0x08008141   Thumb Code    20  ita_chariot.o(.text._ZN13Class_Chariot4InitEv)
    Class_Chariot::TIM1msMod50_Gimbal_Communicate_Alive_PeriodElapsedCallback() 0x08008155   Thumb Code    24  ita_chariot.o(.text._ZN13Class_Chariot58TIM1msMod50_Gimbal_Communicate_Alive_PeriodElapsedCallbackEv)
    Class_DJI_Motor_C620::Data_Process()     0x0800816d   Thumb Code   304  dvc_djimotor.o(.text._ZN20Class_DJI_Motor_C62012Data_ProcessEv)
    Class_DJI_Motor_C620::CAN_RxCpltCallback(unsigned char*) 0x080082ad   Thumb Code    14  dvc_djimotor.o(.text._ZN20Class_DJI_Motor_C62018CAN_RxCpltCallbackEPh)
    Class_DJI_Motor_C620::TIM_PID_PeriodElapsedCallback() 0x080082bd   Thumb Code   168  dvc_djimotor.o(.text._ZN20Class_DJI_Motor_C62029TIM_PID_PeriodElapsedCallbackEv)
    Class_DJI_Motor_C620::TIM_Alive_PeriodElapsedCallback() 0x08008369   Thumb Code    28  dvc_djimotor.o(.text._ZN20Class_DJI_Motor_C62031TIM_Alive_PeriodElapsedCallbackEv)
    Class_DJI_Motor_C620::Init(CAN_HandleTypeDef*, Enum_DJI_Motor_ID, Enum_DJI_Motor_Control_Method, float, float) 0x08008385   Thumb Code   166  dvc_djimotor.o(.text._ZN20Class_DJI_Motor_C6204InitEP17CAN_HandleTypeDef17Enum_DJI_Motor_ID29Enum_DJI_Motor_Control_Methodff)
    Class_Tricycle_Chassis::Speed_Resolution() 0x0800842d   Thumb Code   552  crt_chassis.o(.text._ZN22Class_Tricycle_Chassis16Speed_ResolutionEv)
    Class_Tricycle_Chassis::TIM_Calculate_PeriodElapsedCallback(Enum_Sprint_Status) 0x08008669   Thumb Code    86  crt_chassis.o(.text._ZN22Class_Tricycle_Chassis35TIM_Calculate_PeriodElapsedCallbackE18Enum_Sprint_Status)
    Class_Tricycle_Chassis::Init(float, float, float, float) 0x080086c1   Thumb Code   444  crt_chassis.o(.text._ZN22Class_Tricycle_Chassis4InitEffff)
    Class_PID::TIM_Adjust_PeriodElapsedCallback() 0x0800889d   Thumb Code   468  alg_pid.o(.text._ZN9Class_PID32TIM_Adjust_PeriodElapsedCallbackEv)
    Class_PID::Init(float, float, float, float, float, float, float, float, float, float, float, Enum_PID_D_First) 0x08008a75   Thumb Code    16  alg_pid.o(.text._ZN9Class_PID4InitEfffffffffff16Enum_PID_D_First)
    main                                     0x08008a85   Thumb Code    74  main.o(.text.main)
    _fp_init                                 0x08008acf   Thumb Code    26  fpinit.o(x$fpl$fpinit)
    __fplib_config_fpu_vfp                   0x08008ae7   Thumb Code     0  fpinit.o(x$fpl$fpinit)
    __fplib_config_pureend_doubles           0x08008ae7   Thumb Code     0  fpinit.o(x$fpl$fpinit)
    AHBPrescTable                            0x08008b38   Data          16  system_stm32f4xx.o(.rodata.AHBPrescTable)
    APBPrescTable                            0x08008b48   Data           8  system_stm32f4xx.o(.rodata.APBPrescTable)
    Region$$Table$$Base                      0x08008b58   Number         0  anon$$obj.o(Region$$Table)
    Region$$Table$$Limit                     0x08008b78   Number         0  anon$$obj.o(Region$$Table)
    uwTickFreq                               0x20000000   Data           1  stm32f4xx_hal.o(.data..L_MergedGlobals)
    uwTickPrio                               0x20000004   Data           4  stm32f4xx_hal.o(.data..L_MergedGlobals)
    FS_Desc                                  0x20000008   Data          28  usbd_desc.o(.data.FS_Desc)
    SystemCoreClock                          0x20000024   Data           4  system_stm32f4xx.o(.data.SystemCoreClock)
    USBD_CDC                                 0x20000028   Data          56  usbd_cdc.o(.data.USBD_CDC)
    USBD_FS_DeviceDesc                       0x200000b0   Data          18  usbd_desc.o(.data.USBD_FS_DeviceDesc)
    USBD_Interface_fops_FS                   0x200000c4   Data          20  usbd_cdc_if.o(.data.USBD_Interface_fops_FS)
    USBD_LangIDDesc                          0x200000d8   Data           4  usbd_desc.o(.data.USBD_LangIDDesc)
    USBD_StringSerial                        0x200000dc   Data          26  usbd_desc.o(.data.USBD_StringSerial)
    can_tx_status                            0x200000f6   Data           3  drv_can.o(.data.can_tx_status)
    chariot                                  0x200000fc   Data        1340  task_callback_and_config.o(.data.chariot)
    __libspace_start                         0x20000638   Data          96  libspace.o(.bss)
    __temporary_stack_top$libspace           0x20000698   Data           0  libspace.o(.bss)
    start_flag                               0x20000698   Data           1  task_callback_and_config.o(.bss..L_MergedGlobals)
    mod50_cnt                                0x20000699   Data           1  task_callback_and_config.o(.bss..L_MergedGlobals)
    init_finished                            0x2000069c   Data           4  task_callback_and_config.o(.bss..L_MergedGlobals)
    temp_test_1                              0x200006a0   Data           4  crt_chassis.o(.bss..L_MergedGlobals)
    temp_test_2                              0x200006a4   Data           4  crt_chassis.o(.bss..L_MergedGlobals)
    temp_test_3                              0x200006a8   Data           4  crt_chassis.o(.bss..L_MergedGlobals)
    temp_test_4                              0x200006ac   Data           4  crt_chassis.o(.bss..L_MergedGlobals)
    CAN1_0x1ff_Tx_Data                       0x200006b0   Data           8  drv_can.o(.bss..L_MergedGlobals)
    CAN1_0x200_Tx_Data                       0x200006b8   Data           8  drv_can.o(.bss..L_MergedGlobals)
    CAN1_Manage_Object                       0x200006c0   Data          44  drv_can.o(.bss..L_MergedGlobals)
    CAN2_Manage_Object                       0x200006ec   Data          44  drv_can.o(.bss..L_MergedGlobals)
    TIM1_Manage_Object                       0x20000718   Data           8  drv_tim.o(.bss..L_MergedGlobals)
    TIM2_Manage_Object                       0x20000720   Data           8  drv_tim.o(.bss..L_MergedGlobals)
    TIM3_Manage_Object                       0x20000728   Data           8  drv_tim.o(.bss..L_MergedGlobals)
    TIM4_Manage_Object                       0x20000730   Data           8  drv_tim.o(.bss..L_MergedGlobals)
    TIM5_Manage_Object                       0x20000738   Data           8  drv_tim.o(.bss..L_MergedGlobals)
    Alive_flag                               0x20000740   Data           4  task_callback_and_config.o(.bss.Alive_flag)
    CAN1_0x2ff_Tx_Data                       0x20000744   Data           8  drv_can.o(.bss.CAN1_0x2ff_Tx_Data)
    CAN2_0x1ff_Tx_Data                       0x2000074c   Data           8  drv_can.o(.bss.CAN2_0x1ff_Tx_Data)
    CAN2_0x200_Tx_Data                       0x20000754   Data           8  drv_can.o(.bss.CAN2_0x200_Tx_Data)
    CAN2_0x2ff_Tx_Data                       0x2000075c   Data           8  drv_can.o(.bss.CAN2_0x2ff_Tx_Data)
    UART1_Manage_Object                      0x20000768   Data         272  drv_uart.o(.bss.UART1_Manage_Object)
    UART2_Manage_Object                      0x20000878   Data         272  drv_uart.o(.bss.UART2_Manage_Object)
    UART3_Manage_Object                      0x20000988   Data         272  drv_uart.o(.bss.UART3_Manage_Object)
    UART4_Manage_Object                      0x20000a98   Data         272  drv_uart.o(.bss.UART4_Manage_Object)
    UART5_Manage_Object                      0x20000ba8   Data         272  drv_uart.o(.bss.UART5_Manage_Object)
    USBD_StrDesc                             0x20000cbc   Data         512  usbd_desc.o(.bss.USBD_StrDesc)
    UserRxBufferFS                           0x200010dc   Data        2048  usbd_cdc_if.o(.bss.UserRxBufferFS)
    UserTxBufferFS                           0x200018dc   Data        2048  usbd_cdc_if.o(.bss.UserTxBufferFS)
    hUsbDeviceFS                             0x200020dc   Data         732  usb_device.o(.bss.hUsbDeviceFS)
    hcan1                                    0x200023b8   Data          40  can.o(.bss.hcan1)
    hcan2                                    0x200023e0   Data          40  can.o(.bss.hcan2)
    hdma_i2c3_rx                             0x20002408   Data          96  i2c.o(.bss.hdma_i2c3_rx)
    hdma_i2c3_tx                             0x20002468   Data          96  i2c.o(.bss.hdma_i2c3_tx)
    hdma_spi1_rx                             0x200024c8   Data          96  spi.o(.bss.hdma_spi1_rx)
    hdma_spi1_tx                             0x20002528   Data          96  spi.o(.bss.hdma_spi1_tx)
    hdma_usart1_rx                           0x20002588   Data          96  usart.o(.bss.hdma_usart1_rx)
    hdma_usart3_rx                           0x200025e8   Data          96  usart.o(.bss.hdma_usart3_rx)
    hdma_usart6_rx                           0x20002648   Data          96  usart.o(.bss.hdma_usart6_rx)
    hdma_usart6_tx                           0x200026a8   Data          96  usart.o(.bss.hdma_usart6_tx)
    hi2c3                                    0x20002708   Data          84  i2c.o(.bss.hi2c3)
    hpcd_USB_OTG_FS                          0x2000275c   Data        1252  usbd_conf.o(.bss.hpcd_USB_OTG_FS)
    hspi1                                    0x20002c40   Data          88  spi.o(.bss.hspi1)
    htim1                                    0x20002c98   Data          72  tim.o(.bss.htim1)
    htim10                                   0x20002ce0   Data          72  tim.o(.bss.htim10)
    htim3                                    0x20002d28   Data          72  tim.o(.bss.htim3)
    htim4                                    0x20002d70   Data          72  tim.o(.bss.htim4)
    htim5                                    0x20002db8   Data          72  tim.o(.bss.htim5)
    huart1                                   0x20002e00   Data          72  usart.o(.bss.huart1)
    huart3                                   0x20002e48   Data          72  usart.o(.bss.huart3)
    huart6                                   0x20002e90   Data          72  usart.o(.bss.huart6)
    uwTick                                   0x20002ed8   Data           4  stm32f4xx_hal.o(.bss.uwTick)



==============================================================================

Memory Map of the image

  Image Entry point : 0x08000189

  Load Region LR_IROM1 (Base: 0x08000000, Size: 0x000091b0, Max: 0x00100000, ABSOLUTE, COMPRESSED[0x00008c78])

    Execution Region ER_IROM1 (Exec base: 0x08000000, Load base: 0x08000000, Size: 0x00008b78, Max: 0x00100000, ABSOLUTE)

    Exec Addr    Load Addr    Size         Type   Attr      Idx    E Section Name        Object

    0x08000000   0x08000000   0x00000188   Data   RO            3    RESET               startup_stm32f407xx.o
    0x08000188   0x08000188   0x00000008   Code   RO         2316  * !!!main             c_w.l(__main.o)
    0x08000190   0x08000190   0x0000005c   Code   RO         2569    !!!scatter          c_w.l(__scatter.o)
    0x080001ec   0x080001ec   0x0000003a   Code   RO         2567    !!dczerorl          c_w.l(__dczerorl.o)
    0x08000226   0x08000226   0x00000002   PAD
    0x08000228   0x08000228   0x00000002   Code   RO         2570    !!handler_null      c_w.l(__scatter.o)
    0x0800022a   0x0800022a   0x00000002   PAD
    0x0800022c   0x0800022c   0x0000001c   Code   RO         2573    !!handler_zi        c_w.l(__scatter_zi.o)
    0x08000248   0x08000248   0x00000002   Code   RO         2432    .ARM.Collect$$libinit$$00000000  c_w.l(libinit.o)
    0x0800024a   0x0800024a   0x00000004   Code   RO         2441    .ARM.Collect$$libinit$$00000001  c_w.l(libinit2.o)
    0x0800024e   0x0800024e   0x00000000   Code   RO         2444    .ARM.Collect$$libinit$$00000004  c_w.l(libinit2.o)
    0x0800024e   0x0800024e   0x00000000   Code   RO         2446    .ARM.Collect$$libinit$$00000006  c_w.l(libinit2.o)
    0x0800024e   0x0800024e   0x00000000   Code   RO         2449    .ARM.Collect$$libinit$$0000000C  c_w.l(libinit2.o)
    0x0800024e   0x0800024e   0x00000000   Code   RO         2451    .ARM.Collect$$libinit$$0000000E  c_w.l(libinit2.o)
    0x0800024e   0x0800024e   0x00000000   Code   RO         2453    .ARM.Collect$$libinit$$00000010  c_w.l(libinit2.o)
    0x0800024e   0x0800024e   0x00000000   Code   RO         2456    .ARM.Collect$$libinit$$00000013  c_w.l(libinit2.o)
    0x0800024e   0x0800024e   0x00000000   Code   RO         2458    .ARM.Collect$$libinit$$00000015  c_w.l(libinit2.o)
    0x0800024e   0x0800024e   0x00000000   Code   RO         2460    .ARM.Collect$$libinit$$00000017  c_w.l(libinit2.o)
    0x0800024e   0x0800024e   0x00000000   Code   RO         2462    .ARM.Collect$$libinit$$00000019  c_w.l(libinit2.o)
    0x0800024e   0x0800024e   0x00000000   Code   RO         2464    .ARM.Collect$$libinit$$0000001B  c_w.l(libinit2.o)
    0x0800024e   0x0800024e   0x00000000   Code   RO         2466    .ARM.Collect$$libinit$$0000001D  c_w.l(libinit2.o)
    0x0800024e   0x0800024e   0x00000000   Code   RO         2468    .ARM.Collect$$libinit$$0000001F  c_w.l(libinit2.o)
    0x0800024e   0x0800024e   0x00000000   Code   RO         2470    .ARM.Collect$$libinit$$00000021  c_w.l(libinit2.o)
    0x0800024e   0x0800024e   0x00000000   Code   RO         2472    .ARM.Collect$$libinit$$00000023  c_w.l(libinit2.o)
    0x0800024e   0x0800024e   0x00000000   Code   RO         2474    .ARM.Collect$$libinit$$00000025  c_w.l(libinit2.o)
    0x0800024e   0x0800024e   0x00000000   Code   RO         2476    .ARM.Collect$$libinit$$00000027  c_w.l(libinit2.o)
    0x0800024e   0x0800024e   0x00000000   Code   RO         2480    .ARM.Collect$$libinit$$0000002E  c_w.l(libinit2.o)
    0x0800024e   0x0800024e   0x00000000   Code   RO         2482    .ARM.Collect$$libinit$$00000030  c_w.l(libinit2.o)
    0x0800024e   0x0800024e   0x00000000   Code   RO         2484    .ARM.Collect$$libinit$$00000032  c_w.l(libinit2.o)
    0x0800024e   0x0800024e   0x00000000   Code   RO         2486    .ARM.Collect$$libinit$$00000034  c_w.l(libinit2.o)
    0x0800024e   0x0800024e   0x00000002   Code   RO         2487    .ARM.Collect$$libinit$$00000035  c_w.l(libinit2.o)
    0x08000250   0x08000250   0x00000002   Code   RO         2522    .ARM.Collect$$libshutdown$$00000000  c_w.l(libshutdown.o)
    0x08000252   0x08000252   0x00000000   Code   RO         2550    .ARM.Collect$$libshutdown$$00000002  c_w.l(libshutdown2.o)
    0x08000252   0x08000252   0x00000000   Code   RO         2552    .ARM.Collect$$libshutdown$$00000004  c_w.l(libshutdown2.o)
    0x08000252   0x08000252   0x00000000   Code   RO         2555    .ARM.Collect$$libshutdown$$00000007  c_w.l(libshutdown2.o)
    0x08000252   0x08000252   0x00000000   Code   RO         2558    .ARM.Collect$$libshutdown$$0000000A  c_w.l(libshutdown2.o)
    0x08000252   0x08000252   0x00000000   Code   RO         2560    .ARM.Collect$$libshutdown$$0000000C  c_w.l(libshutdown2.o)
    0x08000252   0x08000252   0x00000000   Code   RO         2563    .ARM.Collect$$libshutdown$$0000000F  c_w.l(libshutdown2.o)
    0x08000252   0x08000252   0x00000002   Code   RO         2564    .ARM.Collect$$libshutdown$$00000010  c_w.l(libshutdown2.o)
    0x08000254   0x08000254   0x00000000   Code   RO         2326    .ARM.Collect$$rtentry$$00000000  c_w.l(__rtentry.o)
    0x08000254   0x08000254   0x00000000   Code   RO         2383    .ARM.Collect$$rtentry$$00000002  c_w.l(__rtentry2.o)
    0x08000254   0x08000254   0x00000006   Code   RO         2395    .ARM.Collect$$rtentry$$00000004  c_w.l(__rtentry4.o)
    0x0800025a   0x0800025a   0x00000000   Code   RO         2385    .ARM.Collect$$rtentry$$00000009  c_w.l(__rtentry2.o)
    0x0800025a   0x0800025a   0x00000004   Code   RO         2386    .ARM.Collect$$rtentry$$0000000A  c_w.l(__rtentry2.o)
    0x0800025e   0x0800025e   0x00000000   Code   RO         2388    .ARM.Collect$$rtentry$$0000000C  c_w.l(__rtentry2.o)
    0x0800025e   0x0800025e   0x00000008   Code   RO         2389    .ARM.Collect$$rtentry$$0000000D  c_w.l(__rtentry2.o)
    0x08000266   0x08000266   0x00000002   Code   RO         2433    .ARM.Collect$$rtexit$$00000000  c_w.l(rtexit.o)
    0x08000268   0x08000268   0x00000000   Code   RO         2493    .ARM.Collect$$rtexit$$00000002  c_w.l(rtexit2.o)
    0x08000268   0x08000268   0x00000004   Code   RO         2494    .ARM.Collect$$rtexit$$00000003  c_w.l(rtexit2.o)
    0x0800026c   0x0800026c   0x00000006   Code   RO         2495    .ARM.Collect$$rtexit$$00000004  c_w.l(rtexit2.o)
    0x08000272   0x08000272   0x00000002   PAD
    0x08000274   0x08000274   0x00000040   Code   RO            4    .text               startup_stm32f407xx.o
    0x080002b4   0x080002b4   0x000000f0   Code   RO         2308    .text               c_w.l(lludivv7m.o)
    0x080003a4   0x080003a4   0x0000004e   Code   RO         2312    .text               c_w.l(rt_memclr_w.o)
    0x080003f2   0x080003f2   0x00000006   Code   RO         2314    .text               c_w.l(heapauxi.o)
    0x080003f8   0x080003f8   0x00000008   Code   RO         2416    .text               c_w.l(libspace.o)
    0x08000400   0x08000400   0x0000004a   Code   RO         2419    .text               c_w.l(sys_stackheap_outer.o)
    0x0800044a   0x0800044a   0x00000012   Code   RO         2421    .text               c_w.l(exit.o)
    0x0800045c   0x0800045c   0x0000000c   Code   RO         2488    .text               c_w.l(sys_exit.o)
    0x08000468   0x08000468   0x00000002   Code   RO         2511    .text               c_w.l(use_no_semi.o)
    0x0800046a   0x0800046a   0x00000000   Code   RO         2513    .text               c_w.l(indicate_semi.o)
    0x0800046a   0x0800046a   0x00000002   PAD
    0x0800046c   0x0800046c   0x00000002   Code   RO          156    .text.BusFault_Handler  stm32f4xx_it.o
    0x0800046e   0x0800046e   0x00000002   PAD
    0x08000470   0x08000470   0x0000000c   Code   RO          180    .text.CAN1_RX0_IRQHandler  stm32f4xx_it.o
    0x0800047c   0x0800047c   0x0000000c   Code   RO          182    .text.CAN1_RX1_IRQHandler  stm32f4xx_it.o
    0x08000488   0x08000488   0x0000000c   Code   RO          200    .text.CAN2_RX0_IRQHandler  stm32f4xx_it.o
    0x08000494   0x08000494   0x0000000c   Code   RO          202    .text.CAN2_RX1_IRQHandler  stm32f4xx_it.o
    0x080004a0   0x080004a0   0x00000004   Code   RO          267    .text.CDC_Control_FS  usbd_cdc_if.o
    0x080004a4   0x080004a4   0x00000004   Code   RO          265    .text.CDC_DeInit_FS  usbd_cdc_if.o
    0x080004a8   0x080004a8   0x0000002c   Code   RO          263    .text.CDC_Init_FS   usbd_cdc_if.o
    0x080004d4   0x080004d4   0x0000001c   Code   RO          269    .text.CDC_Receive_FS  usbd_cdc_if.o
    0x080004f0   0x080004f0   0x00000004   Code   RO          271    .text.CDC_TransmitCplt_FS  usbd_cdc_if.o
    0x080004f4   0x080004f4   0x0000000c   Code   RO          174    .text.DMA1_Stream1_IRQHandler  stm32f4xx_it.o
    0x08000500   0x08000500   0x0000000c   Code   RO          176    .text.DMA1_Stream2_IRQHandler  stm32f4xx_it.o
    0x0800050c   0x0800050c   0x0000000c   Code   RO          178    .text.DMA1_Stream4_IRQHandler  stm32f4xx_it.o
    0x08000518   0x08000518   0x0000000c   Code   RO          194    .text.DMA2_Stream1_IRQHandler  stm32f4xx_it.o
    0x08000524   0x08000524   0x0000000c   Code   RO          196    .text.DMA2_Stream2_IRQHandler  stm32f4xx_it.o
    0x08000530   0x08000530   0x0000000c   Code   RO          198    .text.DMA2_Stream3_IRQHandler  stm32f4xx_it.o
    0x0800053c   0x0800053c   0x0000000c   Code   RO          206    .text.DMA2_Stream5_IRQHandler  stm32f4xx_it.o
    0x08000548   0x08000548   0x0000000c   Code   RO          208    .text.DMA2_Stream6_IRQHandler  stm32f4xx_it.o
    0x08000554   0x08000554   0x00000002   Code   RO          162    .text.DebugMon_Handler  stm32f4xx_it.o
    0x08000556   0x08000556   0x00000002   PAD
    0x08000558   0x08000558   0x00000006   Code   RO          168    .text.EXTI0_IRQHandler  stm32f4xx_it.o
    0x0800055e   0x0800055e   0x00000002   PAD
    0x08000560   0x08000560   0x00000006   Code   RO          170    .text.EXTI3_IRQHandler  stm32f4xx_it.o
    0x08000566   0x08000566   0x00000002   PAD
    0x08000568   0x08000568   0x00000006   Code   RO          172    .text.EXTI4_IRQHandler  stm32f4xx_it.o
    0x0800056e   0x0800056e   0x00000002   PAD
    0x08000570   0x08000570   0x00000006   Code   RO          184    .text.EXTI9_5_IRQHandler  stm32f4xx_it.o
    0x08000576   0x08000576   0x00000002   PAD
    0x08000578   0x08000578   0x00000006   Code   RO           15    .text.Error_Handler  main.o
    0x0800057e   0x0800057e   0x00000002   PAD
    0x08000580   0x08000580   0x0000002e   Code   RO          975    .text.HAL_CAN_ActivateNotification  stm32f4xx_hal_can.o
    0x080005ae   0x080005ae   0x00000002   PAD
    0x080005b0   0x080005b0   0x000000a4   Code   RO          961    .text.HAL_CAN_AddTxMessage  stm32f4xx_hal_can.o
    0x08000654   0x08000654   0x000000de   Code   RO          951    .text.HAL_CAN_ConfigFilter  stm32f4xx_hal_can.o
    0x08000732   0x08000732   0x00000002   PAD
    0x08000734   0x08000734   0x00000002   Code   RO         1005    .text.HAL_CAN_ErrorCallback  stm32f4xx_hal_can.o
    0x08000736   0x08000736   0x00000002   PAD
    0x08000738   0x08000738   0x0000012e   Code   RO          971    .text.HAL_CAN_GetRxMessage  stm32f4xx_hal_can.o
    0x08000866   0x08000866   0x00000002   PAD
    0x08000868   0x08000868   0x0000025e   Code   RO          979    .text.HAL_CAN_IRQHandler  stm32f4xx_hal_can.o
    0x08000ac6   0x08000ac6   0x00000002   PAD
    0x08000ac8   0x08000ac8   0x000000f4   Code   RO          941    .text.HAL_CAN_Init  stm32f4xx_hal_can.o
    0x08000bbc   0x08000bbc   0x00000134   Code   RO           38    .text.HAL_CAN_MspInit  can.o
    0x08000cf0   0x08000cf0   0x00000002   Code   RO          993    .text.HAL_CAN_RxFifo0FullCallback  stm32f4xx_hal_can.o
    0x08000cf2   0x08000cf2   0x00000002   PAD
    0x08000cf4   0x08000cf4   0x0000006a   Code   RO         2018    .text.HAL_CAN_RxFifo0MsgPendingCallback  drv_can.o
    0x08000d5e   0x08000d5e   0x00000002   PAD
    0x08000d60   0x08000d60   0x00000002   Code   RO          997    .text.HAL_CAN_RxFifo1FullCallback  stm32f4xx_hal_can.o
    0x08000d62   0x08000d62   0x00000002   PAD
    0x08000d64   0x08000d64   0x0000006a   Code   RO         2020    .text.HAL_CAN_RxFifo1MsgPendingCallback  drv_can.o
    0x08000dce   0x08000dce   0x00000002   PAD
    0x08000dd0   0x08000dd0   0x00000002   Code   RO         1001    .text.HAL_CAN_SleepCallback  stm32f4xx_hal_can.o
    0x08000dd2   0x08000dd2   0x00000002   PAD
    0x08000dd4   0x08000dd4   0x0000005a   Code   RO          953    .text.HAL_CAN_Start  stm32f4xx_hal_can.o
    0x08000e2e   0x08000e2e   0x00000002   PAD
    0x08000e30   0x08000e30   0x00000002   Code   RO          983    .text.HAL_CAN_TxMailbox0AbortCallback  stm32f4xx_hal_can.o
    0x08000e32   0x08000e32   0x00000002   PAD
    0x08000e34   0x08000e34   0x00000002   Code   RO          981    .text.HAL_CAN_TxMailbox0CompleteCallback  stm32f4xx_hal_can.o
    0x08000e36   0x08000e36   0x00000002   PAD
    0x08000e38   0x08000e38   0x00000002   Code   RO          987    .text.HAL_CAN_TxMailbox1AbortCallback  stm32f4xx_hal_can.o
    0x08000e3a   0x08000e3a   0x00000002   PAD
    0x08000e3c   0x08000e3c   0x00000002   Code   RO          985    .text.HAL_CAN_TxMailbox1CompleteCallback  stm32f4xx_hal_can.o
    0x08000e3e   0x08000e3e   0x00000002   PAD
    0x08000e40   0x08000e40   0x00000002   Code   RO          991    .text.HAL_CAN_TxMailbox2AbortCallback  stm32f4xx_hal_can.o
    0x08000e42   0x08000e42   0x00000002   PAD
    0x08000e44   0x08000e44   0x00000002   Code   RO          989    .text.HAL_CAN_TxMailbox2CompleteCallback  stm32f4xx_hal_can.o
    0x08000e46   0x08000e46   0x00000002   PAD
    0x08000e48   0x08000e48   0x00000002   Code   RO         1003    .text.HAL_CAN_WakeUpFromRxMsgCallback  stm32f4xx_hal_can.o
    0x08000e4a   0x08000e4a   0x00000002   PAD
    0x08000e4c   0x08000e4c   0x0000008e   Code   RO          712    .text.HAL_DMA_Abort  stm32f4xx_hal_dma.o
    0x08000eda   0x08000eda   0x00000002   PAD
    0x08000edc   0x08000edc   0x00000024   Code   RO          714    .text.HAL_DMA_Abort_IT  stm32f4xx_hal_dma.o
    0x08000f00   0x08000f00   0x000001c4   Code   RO          718    .text.HAL_DMA_IRQHandler  stm32f4xx_hal_dma.o
    0x080010c4   0x080010c4   0x00000162   Code   RO          704    .text.HAL_DMA_Init  stm32f4xx_hal_dma.o
    0x08001226   0x08001226   0x00000002   PAD
    0x08001228   0x08001228   0x000000a2   Code   RO          710    .text.HAL_DMA_Start_IT  stm32f4xx_hal_dma.o
    0x080012ca   0x080012ca   0x00000002   PAD
    0x080012cc   0x080012cc   0x00000028   Code   RO          871    .text.HAL_Delay     stm32f4xx_hal.o
    0x080012f4   0x080012f4   0x00000002   Code   RO          680    .text.HAL_GPIO_EXTI_Callback  stm32f4xx_hal_gpio.o
    0x080012f6   0x080012f6   0x00000002   PAD
    0x080012f8   0x080012f8   0x00000016   Code   RO          678    .text.HAL_GPIO_EXTI_IRQHandler  stm32f4xx_hal_gpio.o
    0x0800130e   0x0800130e   0x00000002   PAD
    0x08001310   0x08001310   0x0000019e   Code   RO          666    .text.HAL_GPIO_Init  stm32f4xx_hal_gpio.o
    0x080014ae   0x080014ae   0x00000002   PAD
    0x080014b0   0x080014b0   0x0000000a   Code   RO          672    .text.HAL_GPIO_WritePin  stm32f4xx_hal_gpio.o
    0x080014ba   0x080014ba   0x00000002   PAD
    0x080014bc   0x080014bc   0x0000000c   Code   RO          863    .text.HAL_GetTick   stm32f4xx_hal.o
    0x080014c8   0x080014c8   0x00000164   Code   RO         1021    .text.HAL_I2C_Init  stm32f4xx_hal_i2c.o
    0x0800162c   0x0800162c   0x00000136   Code   RO           64    .text.HAL_I2C_MspInit  i2c.o
    0x08001762   0x08001762   0x00000002   PAD
    0x08001764   0x08001764   0x0000001a   Code   RO          861    .text.HAL_IncTick   stm32f4xx_hal.o
    0x0800177e   0x0800177e   0x00000002   PAD
    0x08001780   0x08001780   0x00000036   Code   RO          851    .text.HAL_Init      stm32f4xx_hal.o
    0x080017b6   0x080017b6   0x00000002   PAD
    0x080017b8   0x080017b8   0x00000048   Code   RO          853    .text.HAL_InitTick  stm32f4xx_hal.o
    0x08001800   0x08001800   0x00000038   Code   RO          219    .text.HAL_MspInit   stm32f4xx_hal_msp.o
    0x08001838   0x08001838   0x00000022   Code   RO          803    .text.HAL_NVIC_EnableIRQ  stm32f4xx_hal_cortex.o
    0x0800185a   0x0800185a   0x00000002   PAD
    0x0800185c   0x0800185c   0x00000056   Code   RO          801    .text.HAL_NVIC_SetPriority  stm32f4xx_hal_cortex.o
    0x080018b2   0x080018b2   0x00000002   PAD
    0x080018b4   0x080018b4   0x00000020   Code   RO          799    .text.HAL_NVIC_SetPriorityGrouping  stm32f4xx_hal_cortex.o
    0x080018d4   0x080018d4   0x00000002   Code   RO          440    .text.HAL_PCDEx_LPM_Callback  stm32f4xx_hal_pcd_ex.o
    0x080018d6   0x080018d6   0x00000002   PAD
    0x080018d8   0x080018d8   0x00000008   Code   RO          438    .text.HAL_PCDEx_SetRxFiFo  stm32f4xx_hal_pcd_ex.o
    0x080018e0   0x080018e0   0x000000ce   Code   RO          436    .text.HAL_PCDEx_SetTxFiFo  stm32f4xx_hal_pcd_ex.o
    0x080019ae   0x080019ae   0x00000002   PAD
    0x080019b0   0x080019b0   0x00000008   Code   RO          308    .text.HAL_PCD_ConnectCallback  usbd_conf.o
    0x080019b8   0x080019b8   0x00000014   Code   RO          294    .text.HAL_PCD_DataInStageCallback  usbd_conf.o
    0x080019cc   0x080019cc   0x00000016   Code   RO          292    .text.HAL_PCD_DataOutStageCallback  usbd_conf.o
    0x080019e2   0x080019e2   0x00000002   PAD
    0x080019e4   0x080019e4   0x00000008   Code   RO          310    .text.HAL_PCD_DisconnectCallback  usbd_conf.o
    0x080019ec   0x080019ec   0x0000004e   Code   RO          406    .text.HAL_PCD_EP_Close  stm32f4xx_hal_pcd.o
    0x08001a3a   0x08001a3a   0x00000002   PAD
    0x08001a3c   0x08001a3c   0x00000060   Code   RO          416    .text.HAL_PCD_EP_ClrStall  stm32f4xx_hal_pcd.o
    0x08001a9c   0x08001a9c   0x00000012   Code   RO          410    .text.HAL_PCD_EP_GetRxCount  stm32f4xx_hal_pcd.o
    0x08001aae   0x08001aae   0x00000002   PAD
    0x08001ab0   0x08001ab0   0x00000074   Code   RO          404    .text.HAL_PCD_EP_Open  stm32f4xx_hal_pcd.o
    0x08001b24   0x08001b24   0x00000042   Code   RO          408    .text.HAL_PCD_EP_Receive  stm32f4xx_hal_pcd.o
    0x08001b66   0x08001b66   0x00000002   PAD
    0x08001b68   0x08001b68   0x0000006e   Code   RO          414    .text.HAL_PCD_EP_SetStall  stm32f4xx_hal_pcd.o
    0x08001bd6   0x08001bd6   0x00000002   PAD
    0x08001bd8   0x08001bd8   0x0000003a   Code   RO          412    .text.HAL_PCD_EP_Transmit  stm32f4xx_hal_pcd.o
    0x08001c12   0x08001c12   0x00000002   PAD
    0x08001c14   0x08001c14   0x00000906   Code   RO          370    .text.HAL_PCD_IRQHandler  stm32f4xx_hal_pcd.o
    0x0800251a   0x0800251a   0x00000002   PAD
    0x0800251c   0x0800251c   0x00000008   Code   RO          306    .text.HAL_PCD_ISOINIncompleteCallback  usbd_conf.o
    0x08002524   0x08002524   0x00000008   Code   RO          304    .text.HAL_PCD_ISOOUTIncompleteCallback  usbd_conf.o
    0x0800252c   0x0800252c   0x0000026e   Code   RO          358    .text.HAL_PCD_Init  stm32f4xx_hal_pcd.o
    0x0800279a   0x0800279a   0x00000002   PAD
    0x0800279c   0x0800279c   0x00000088   Code   RO          286    .text.HAL_PCD_MspInit  usbd_conf.o
    0x08002824   0x08002824   0x0000002a   Code   RO          298    .text.HAL_PCD_ResetCallback  usbd_conf.o
    0x0800284e   0x0800284e   0x00000002   PAD
    0x08002850   0x08002850   0x00000008   Code   RO          302    .text.HAL_PCD_ResumeCallback  usbd_conf.o
    0x08002858   0x08002858   0x00000008   Code   RO          296    .text.HAL_PCD_SOFCallback  usbd_conf.o
    0x08002860   0x08002860   0x00000028   Code   RO          402    .text.HAL_PCD_SetAddress  stm32f4xx_hal_pcd.o
    0x08002888   0x08002888   0x0000000e   Code   RO          290    .text.HAL_PCD_SetupStageCallback  usbd_conf.o
    0x08002896   0x08002896   0x00000002   PAD
    0x08002898   0x08002898   0x0000003e   Code   RO          366    .text.HAL_PCD_Start  stm32f4xx_hal_pcd.o
    0x080028d6   0x080028d6   0x00000002   PAD
    0x080028d8   0x080028d8   0x00000034   Code   RO          300    .text.HAL_PCD_SuspendCallback  usbd_conf.o
    0x0800290c   0x0800290c   0x00000164   Code   RO          560    .text.HAL_RCC_ClockConfig  stm32f4xx_hal_rcc.o
    0x08002a70   0x08002a70   0x0000000c   Code   RO          570    .text.HAL_RCC_GetHCLKFreq  stm32f4xx_hal_rcc.o
    0x08002a7c   0x08002a7c   0x00000026   Code   RO          572    .text.HAL_RCC_GetPCLK1Freq  stm32f4xx_hal_rcc.o
    0x08002aa2   0x08002aa2   0x00000002   PAD
    0x08002aa4   0x08002aa4   0x00000026   Code   RO          574    .text.HAL_RCC_GetPCLK2Freq  stm32f4xx_hal_rcc.o
    0x08002aca   0x08002aca   0x00000002   PAD
    0x08002acc   0x08002acc   0x0000006a   Code   RO          562    .text.HAL_RCC_GetSysClockFreq  stm32f4xx_hal_rcc.o
    0x08002b36   0x08002b36   0x00000002   PAD
    0x08002b38   0x08002b38   0x000003ac   Code   RO          558    .text.HAL_RCC_OscConfig  stm32f4xx_hal_rcc.o
    0x08002ee4   0x08002ee4   0x000000b0   Code   RO         1160    .text.HAL_SPI_Init  stm32f4xx_hal_spi.o
    0x08002f94   0x08002f94   0x00000148   Code   RO           81    .text.HAL_SPI_MspInit  spi.o
    0x080030dc   0x080030dc   0x0000002c   Code   RO          811    .text.HAL_SYSTICK_Config  stm32f4xx_hal_cortex.o
    0x08003108   0x08003108   0x00000002   Code   RO         1579    .text.HAL_TIMEx_BreakCallback  stm32f4xx_hal_tim_ex.o
    0x0800310a   0x0800310a   0x00000002   PAD
    0x0800310c   0x0800310c   0x00000002   Code   RO         1575    .text.HAL_TIMEx_CommutCallback  stm32f4xx_hal_tim_ex.o
    0x0800310e   0x0800310e   0x00000002   PAD
    0x08003110   0x08003110   0x0000004c   Code   RO         1571    .text.HAL_TIMEx_ConfigBreakDeadTime  stm32f4xx_hal_tim_ex.o
    0x0800315c   0x0800315c   0x000000ba   Code   RO         1569    .text.HAL_TIMEx_MasterConfigSynchronization  stm32f4xx_hal_tim_ex.o
    0x08003216   0x08003216   0x00000002   PAD
    0x08003218   0x08003218   0x0000005a   Code   RO         1274    .text.HAL_TIM_Base_Init  stm32f4xx_hal_tim.o
    0x08003272   0x08003272   0x00000002   PAD
    0x08003274   0x08003274   0x0000010e   Code   RO          108    .text.HAL_TIM_Base_MspInit  tim.o
    0x08003382   0x08003382   0x00000002   PAD
    0x08003384   0x08003384   0x000000aa   Code   RO         1288    .text.HAL_TIM_Base_Start_IT  stm32f4xx_hal_tim.o
    0x0800342e   0x0800342e   0x00000002   PAD
    0x08003430   0x08003430   0x000001a0   Code   RO         1454    .text.HAL_TIM_ConfigClockSource  stm32f4xx_hal_tim.o
    0x080035d0   0x080035d0   0x00000002   Code   RO         1410    .text.HAL_TIM_IC_CaptureCallback  stm32f4xx_hal_tim.o
    0x080035d2   0x080035d2   0x00000002   PAD
    0x080035d4   0x080035d4   0x0000014e   Code   RO         1408    .text.HAL_TIM_IRQHandler  stm32f4xx_hal_tim.o
    0x08003722   0x08003722   0x00000002   PAD
    0x08003724   0x08003724   0x00000002   Code   RO         1412    .text.HAL_TIM_OC_DelayElapsedCallback  stm32f4xx_hal_tim.o
    0x08003726   0x08003726   0x00000002   PAD
    0x08003728   0x08003728   0x00000220   Code   RO         1428    .text.HAL_TIM_PWM_ConfigChannel  stm32f4xx_hal_tim.o
    0x08003948   0x08003948   0x0000005a   Code   RO         1328    .text.HAL_TIM_PWM_Init  stm32f4xx_hal_tim.o
    0x080039a2   0x080039a2   0x00000002   PAD
    0x080039a4   0x080039a4   0x00000002   Code   RO         1330    .text.HAL_TIM_PWM_MspInit  stm32f4xx_hal_tim.o
    0x080039a6   0x080039a6   0x00000002   PAD
    0x080039a8   0x080039a8   0x00000002   Code   RO         1414    .text.HAL_TIM_PWM_PulseFinishedCallback  stm32f4xx_hal_tim.o
    0x080039aa   0x080039aa   0x00000002   PAD
    0x080039ac   0x080039ac   0x00000072   Code   RO         2111    .text.HAL_TIM_PeriodElapsedCallback  drv_tim.o
    0x08003a1e   0x08003a1e   0x00000002   PAD
    0x08003a20   0x08003a20   0x00000002   Code   RO         1418    .text.HAL_TIM_TriggerCallback  stm32f4xx_hal_tim.o
    0x08003a22   0x08003a22   0x00000002   PAD
    0x08003a24   0x08003a24   0x000001e4   Code   RO         1641    .text.HAL_UARTEx_ReceiveToIdle_DMA  stm32f4xx_hal_uart.o
    0x08003c08   0x08003c08   0x000000b2   Code   RO         2128    .text.HAL_UARTEx_RxEventCallback  drv_uart.o
    0x08003cba   0x08003cba   0x00000002   PAD
    0x08003cbc   0x08003cbc   0x00000002   Code   RO         1677    .text.HAL_UART_ErrorCallback  stm32f4xx_hal_uart.o
    0x08003cbe   0x08003cbe   0x00000002   PAD
    0x08003cc0   0x08003cc0   0x00000570   Code   RO         1671    .text.HAL_UART_IRQHandler  stm32f4xx_hal_uart.o
    0x08004230   0x08004230   0x00000060   Code   RO         1593    .text.HAL_UART_Init  stm32f4xx_hal_uart.o
    0x08004290   0x08004290   0x000002bc   Code   RO          131    .text.HAL_UART_MspInit  usart.o
    0x0800454c   0x0800454c   0x00000002   Code   RO         1685    .text.HAL_UART_RxCpltCallback  stm32f4xx_hal_uart.o
    0x0800454e   0x0800454e   0x00000002   PAD
    0x08004550   0x08004550   0x00000002   Code   RO         1687    .text.HAL_UART_RxHalfCpltCallback  stm32f4xx_hal_uart.o
    0x08004552   0x08004552   0x00000002   PAD
    0x08004554   0x08004554   0x00000002   Code   RO         1681    .text.HAL_UART_TxCpltCallback  stm32f4xx_hal_uart.o
    0x08004556   0x08004556   0x00000002   PAD
    0x08004558   0x08004558   0x00000002   Code   RO          152    .text.HardFault_Handler  stm32f4xx_it.o
    0x0800455a   0x0800455a   0x00000002   PAD
    0x0800455c   0x0800455c   0x00000048   Code   RO           34    .text.MX_CAN1_Init  can.o
    0x080045a4   0x080045a4   0x00000048   Code   RO           36    .text.MX_CAN2_Init  can.o
    0x080045ec   0x080045ec   0x000000bc   Code   RO           53    .text.MX_DMA_Init   dma.o
    0x080046a8   0x080046a8   0x00000194   Code   RO           25    .text.MX_GPIO_Init  gpio.o
    0x0800483c   0x0800483c   0x00000042   Code   RO           62    .text.MX_I2C3_Init  i2c.o
    0x0800487e   0x0800487e   0x00000002   PAD
    0x08004880   0x08004880   0x00000052   Code   RO           79    .text.MX_SPI1_Init  spi.o
    0x080048d2   0x080048d2   0x00000002   PAD
    0x080048d4   0x080048d4   0x000000fc   Code   RO          106    .text.MX_TIM10_Init  tim.o
    0x080049d0   0x080049d0   0x00000184   Code   RO           96    .text.MX_TIM1_Init  tim.o
    0x08004b54   0x08004b54   0x00000074   Code   RO          100    .text.MX_TIM3_Init  tim.o
    0x08004bc8   0x08004bc8   0x00000074   Code   RO          102    .text.MX_TIM4_Init  tim.o
    0x08004c3c   0x08004c3c   0x00000074   Code   RO          104    .text.MX_TIM5_Init  tim.o
    0x08004cb0   0x08004cb0   0x0000003c   Code   RO          125    .text.MX_USART1_UART_Init  usart.o
    0x08004cec   0x08004cec   0x00000048   Code   RO          127    .text.MX_USART3_UART_Init  usart.o
    0x08004d34   0x08004d34   0x0000003c   Code   RO          129    .text.MX_USART6_UART_Init  usart.o
    0x08004d70   0x08004d70   0x00000072   Code   RO          227    .text.MX_USB_DEVICE_Init  usb_device.o
    0x08004de2   0x08004de2   0x00000002   PAD
    0x08004de4   0x08004de4   0x00000002   Code   RO          154    .text.MemManage_Handler  stm32f4xx_it.o
    0x08004de6   0x08004de6   0x00000002   PAD
    0x08004de8   0x08004de8   0x00000002   Code   RO          150    .text.NMI_Handler   stm32f4xx_it.o
    0x08004dea   0x08004dea   0x00000002   PAD
    0x08004dec   0x08004dec   0x0000000c   Code   RO          204    .text.OTG_FS_IRQHandler  stm32f4xx_it.o
    0x08004df8   0x08004df8   0x00000002   Code   RO          164    .text.PendSV_Handler  stm32f4xx_it.o
    0x08004dfa   0x08004dfa   0x00000002   PAD
    0x08004dfc   0x08004dfc   0x00000002   Code   RO          160    .text.SVC_Handler   stm32f4xx_it.o
    0x08004dfe   0x08004dfe   0x00000002   PAD
    0x08004e00   0x08004e00   0x00000004   Code   RO          166    .text.SysTick_Handler  stm32f4xx_it.o
    0x08004e04   0x08004e04   0x000000ac   Code   RO           13    .text.SystemClock_Config  main.o
    0x08004eb0   0x08004eb0   0x00000012   Code   RO         1715    .text.SystemInit    system_stm32f4xx.o
    0x08004ec2   0x08004ec2   0x00000002   PAD
    0x08004ec4   0x08004ec4   0x0000000c   Code   RO          186    .text.TIM4_IRQHandler  stm32f4xx_it.o
    0x08004ed0   0x08004ed0   0x0000000c   Code   RO          192    .text.TIM5_IRQHandler  stm32f4xx_it.o
    0x08004edc   0x08004edc   0x00000144   Code   RO         1278    .text.TIM_Base_SetConfig  stm32f4xx_hal_tim.o
    0x08005020   0x08005020   0x00000084   Code   RO         2109    .text.TIM_Init      drv_tim.o
    0x080050a4   0x080050a4   0x00000056   Code   RO         1878    .text.Task_Init     task_callback_and_config.o
    0x080050fa   0x080050fa   0x00000002   PAD
    0x080050fc   0x080050fc   0x0000000c   Code   RO         1675    .text.UART_DMAAbortOnError  stm32f4xx_hal_uart.o
    0x08005108   0x08005108   0x0000017c   Code   RO         1625    .text.UART_DMAError  stm32f4xx_hal_uart.o
    0x08005284   0x08005284   0x0000015e   Code   RO         1703    .text.UART_DMAReceiveCplt  stm32f4xx_hal_uart.o
    0x080053e2   0x080053e2   0x00000002   PAD
    0x080053e4   0x080053e4   0x00000018   Code   RO         1705    .text.UART_DMARxHalfCplt  stm32f4xx_hal_uart.o
    0x080053fc   0x080053fc   0x000000fe   Code   RO         1673    .text.UART_Receive_IT  stm32f4xx_hal_uart.o
    0x080054fa   0x080054fa   0x00000002   PAD
    0x080054fc   0x080054fc   0x000000e6   Code   RO         1597    .text.UART_SetConfig  stm32f4xx_hal_uart.o
    0x080055e2   0x080055e2   0x00000002   PAD
    0x080055e4   0x080055e4   0x0000000c   Code   RO          188    .text.USART1_IRQHandler  stm32f4xx_it.o
    0x080055f0   0x080055f0   0x0000000c   Code   RO          190    .text.USART3_IRQHandler  stm32f4xx_it.o
    0x080055fc   0x080055fc   0x0000000c   Code   RO          210    .text.USART6_IRQHandler  stm32f4xx_it.o
    0x08005608   0x08005608   0x00000078   Code   RO         1837    .text.USBD_CDC_DataIn  usbd_cdc.o
    0x08005680   0x08005680   0x0000003c   Code   RO         1839    .text.USBD_CDC_DataOut  usbd_cdc.o
    0x080056bc   0x080056bc   0x0000005a   Code   RO         1831    .text.USBD_CDC_DeInit  usbd_cdc.o
    0x08005716   0x08005716   0x00000002   PAD
    0x08005718   0x08005718   0x00000038   Code   RO         1835    .text.USBD_CDC_EP0_RxReady  usbd_cdc.o
    0x08005750   0x08005750   0x00000010   Code   RO         1847    .text.USBD_CDC_GetDeviceQualifierDescriptor  usbd_cdc.o
    0x08005760   0x08005760   0x00000052   Code   RO         1843    .text.USBD_CDC_GetFSCfgDesc  usbd_cdc.o
    0x080057b2   0x080057b2   0x00000002   PAD
    0x080057b4   0x080057b4   0x00000056   Code   RO         1841    .text.USBD_CDC_GetHSCfgDesc  usbd_cdc.o
    0x0800580a   0x0800580a   0x00000002   PAD
    0x0800580c   0x0800580c   0x00000052   Code   RO         1845    .text.USBD_CDC_GetOtherSpeedCfgDesc  usbd_cdc.o
    0x0800585e   0x0800585e   0x00000002   PAD
    0x08005860   0x08005860   0x000000c8   Code   RO         1829    .text.USBD_CDC_Init  usbd_cdc.o
    0x08005928   0x08005928   0x00000034   Code   RO         1857    .text.USBD_CDC_ReceivePacket  usbd_cdc.o
    0x0800595c   0x0800595c   0x00000018   Code   RO         1849    .text.USBD_CDC_RegisterInterface  usbd_cdc.o
    0x08005974   0x08005974   0x0000001a   Code   RO         1853    .text.USBD_CDC_SetRxBuffer  usbd_cdc.o
    0x0800598e   0x0800598e   0x00000002   PAD
    0x08005990   0x08005990   0x0000001e   Code   RO         1851    .text.USBD_CDC_SetTxBuffer  usbd_cdc.o
    0x080059ae   0x080059ae   0x00000002   PAD
    0x080059b0   0x080059b0   0x000000e8   Code   RO         1833    .text.USBD_CDC_Setup  usbd_cdc.o
    0x08005a98   0x08005a98   0x00000012   Code   RO         1744    .text.USBD_ClrClassConfig  usbd_core.o
    0x08005aaa   0x08005aaa   0x00000002   PAD
    0x08005aac   0x08005aac   0x00000004   Code   RO         1752    .text.USBD_CoreFindEP  usbd_core.o
    0x08005ab0   0x08005ab0   0x00000004   Code   RO         1750    .text.USBD_CoreFindIF  usbd_core.o
    0x08005ab4   0x08005ab4   0x00000010   Code   RO         1813    .text.USBD_CtlContinueRx  usbd_ioreq.o
    0x08005ac4   0x08005ac4   0x00000010   Code   RO         1809    .text.USBD_CtlContinueSendData  usbd_ioreq.o
    0x08005ad4   0x08005ad4   0x00000016   Code   RO         1788    .text.USBD_CtlError  usbd_ctlreq.o
    0x08005aea   0x08005aea   0x00000002   PAD
    0x08005aec   0x08005aec   0x0000001a   Code   RO         1811    .text.USBD_CtlPrepareRx  usbd_ioreq.o
    0x08005b06   0x08005b06   0x00000002   PAD
    0x08005b08   0x08005b08   0x00000016   Code   RO         1817    .text.USBD_CtlReceiveStatus  usbd_ioreq.o
    0x08005b1e   0x08005b1e   0x00000002   PAD
    0x08005b20   0x08005b20   0x0000001a   Code   RO         1807    .text.USBD_CtlSendData  usbd_ioreq.o
    0x08005b3a   0x08005b3a   0x00000002   PAD
    0x08005b3c   0x08005b3c   0x00000016   Code   RO         1815    .text.USBD_CtlSendStatus  usbd_ioreq.o
    0x08005b52   0x08005b52   0x00000002   PAD
    0x08005b54   0x08005b54   0x00000024   Code   RO          246    .text.USBD_FS_ConfigStrDescriptor  usbd_desc.o
    0x08005b78   0x08005b78   0x0000000e   Code   RO          236    .text.USBD_FS_DeviceDescriptor  usbd_desc.o
    0x08005b86   0x08005b86   0x00000002   PAD
    0x08005b88   0x08005b88   0x00000028   Code   RO          248    .text.USBD_FS_InterfaceStrDescriptor  usbd_desc.o
    0x08005bb0   0x08005bb0   0x0000000e   Code   RO          238    .text.USBD_FS_LangIDStrDescriptor  usbd_desc.o
    0x08005bbe   0x08005bbe   0x00000002   PAD
    0x08005bc0   0x08005bc0   0x0000002c   Code   RO          240    .text.USBD_FS_ManufacturerStrDescriptor  usbd_desc.o
    0x08005bec   0x08005bec   0x00000030   Code   RO          242    .text.USBD_FS_ProductStrDescriptor  usbd_desc.o
    0x08005c1c   0x08005c1c   0x00000170   Code   RO          244    .text.USBD_FS_SerialStrDescriptor  usbd_desc.o
    0x08005d8c   0x08005d8c   0x00000084   Code   RO         1774    .text.USBD_GetEpDesc  usbd_core.o
    0x08005e10   0x08005e10   0x000000fe   Code   RO         1796    .text.USBD_GetString  usbd_ctlreq.o
    0x08005f0e   0x08005f0e   0x00000002   PAD
    0x08005f10   0x08005f10   0x0000002a   Code   RO         1730    .text.USBD_Init     usbd_core.o
    0x08005f3a   0x08005f3a   0x00000002   PAD
    0x08005f3c   0x08005f3c   0x00000022   Code   RO          330    .text.USBD_LL_ClearStallEP  usbd_conf.o
    0x08005f5e   0x08005f5e   0x00000002   PAD
    0x08005f60   0x08005f60   0x00000022   Code   RO          324    .text.USBD_LL_CloseEP  usbd_conf.o
    0x08005f82   0x08005f82   0x00000002   PAD
    0x08005f84   0x08005f84   0x000000b6   Code   RO         1754    .text.USBD_LL_DataInStage  usbd_core.o
    0x0800603a   0x0800603a   0x00000002   PAD
    0x0800603c   0x0800603c   0x00000070   Code   RO         1748    .text.USBD_LL_DataOutStage  usbd_core.o
    0x080060ac   0x080060ac   0x00000004   Code   RO         1770    .text.USBD_LL_DevConnected  usbd_core.o
    0x080060b0   0x080060b0   0x00000022   Code   RO         1772    .text.USBD_LL_DevDisconnected  usbd_core.o
    0x080060d2   0x080060d2   0x00000002   PAD
    0x080060d4   0x080060d4   0x00000008   Code   RO          340    .text.USBD_LL_GetRxDataSize  usbd_conf.o
    0x080060dc   0x080060dc   0x0000006e   Code   RO          312    .text.USBD_LL_Init  usbd_conf.o
    0x0800614a   0x0800614a   0x00000002   PAD
    0x0800614c   0x0800614c   0x0000002a   Code   RO          332    .text.USBD_LL_IsStallEP  usbd_conf.o
    0x08006176   0x08006176   0x00000002   PAD
    0x08006178   0x08006178   0x0000002c   Code   RO         1766    .text.USBD_LL_IsoINIncomplete  usbd_core.o
    0x080061a4   0x080061a4   0x0000002c   Code   RO         1768    .text.USBD_LL_IsoOUTIncomplete  usbd_core.o
    0x080061d0   0x080061d0   0x00000028   Code   RO          322    .text.USBD_LL_OpenEP  usbd_conf.o
    0x080061f8   0x080061f8   0x00000022   Code   RO          338    .text.USBD_LL_PrepareReceive  usbd_conf.o
    0x0800621a   0x0800621a   0x00000002   PAD
    0x0800621c   0x0800621c   0x00000060   Code   RO         1756    .text.USBD_LL_Reset  usbd_core.o
    0x0800627c   0x0800627c   0x00000014   Code   RO         1762    .text.USBD_LL_Resume  usbd_core.o
    0x08006290   0x08006290   0x0000001e   Code   RO         1764    .text.USBD_LL_SOF   usbd_core.o
    0x080062ae   0x080062ae   0x00000002   PAD
    0x080062b0   0x080062b0   0x00000008   Code   RO         1758    .text.USBD_LL_SetSpeed  usbd_core.o
    0x080062b8   0x080062b8   0x00000022   Code   RO          334    .text.USBD_LL_SetUSBAddress  usbd_conf.o
    0x080062da   0x080062da   0x00000002   PAD
    0x080062dc   0x080062dc   0x00000062   Code   RO         1746    .text.USBD_LL_SetupStage  usbd_core.o
    0x0800633e   0x0800633e   0x00000002   PAD
    0x08006340   0x08006340   0x00000022   Code   RO          328    .text.USBD_LL_StallEP  usbd_conf.o
    0x08006362   0x08006362   0x00000002   PAD
    0x08006364   0x08006364   0x00000022   Code   RO          318    .text.USBD_LL_Start  usbd_conf.o
    0x08006386   0x08006386   0x00000002   PAD
    0x08006388   0x08006388   0x0000001c   Code   RO         1760    .text.USBD_LL_Suspend  usbd_core.o
    0x080063a4   0x080063a4   0x00000022   Code   RO          336    .text.USBD_LL_Transmit  usbd_conf.o
    0x080063c6   0x080063c6   0x00000002   PAD
    0x080063c8   0x080063c8   0x00000016   Code   RO         1794    .text.USBD_ParseSetupRequest  usbd_ctlreq.o
    0x080063de   0x080063de   0x00000002   PAD
    0x080063e0   0x080063e0   0x00000042   Code   RO         1734    .text.USBD_RegisterClass  usbd_core.o
    0x08006422   0x08006422   0x00000002   PAD
    0x08006424   0x08006424   0x00000010   Code   RO         1742    .text.USBD_SetClassConfig  usbd_core.o
    0x08006434   0x08006434   0x00000004   Code   RO         1736    .text.USBD_Start    usbd_core.o
    0x08006438   0x08006438   0x00000384   Code   RO         1786    .text.USBD_StdDevReq  usbd_ctlreq.o
    0x080067bc   0x080067bc   0x00000166   Code   RO         1792    .text.USBD_StdEPReq  usbd_ctlreq.o
    0x08006922   0x08006922   0x00000002   PAD
    0x08006924   0x08006924   0x00000078   Code   RO         1790    .text.USBD_StdItfReq  usbd_ctlreq.o
    0x0800699c   0x0800699c   0x00000002   Code   RO          344    .text.USBD_static_free  usbd_conf.o
    0x0800699e   0x0800699e   0x00000002   PAD
    0x080069a0   0x080069a0   0x0000000a   Code   RO          342    .text.USBD_static_malloc  usbd_conf.o
    0x080069aa   0x080069aa   0x00000002   PAD
    0x080069ac   0x080069ac   0x00000082   Code   RO          474    .text.USB_ActivateEndpoint  stm32f4xx_ll_usb.o
    0x08006a2e   0x08006a2e   0x00000002   PAD
    0x08006a30   0x08006a30   0x00000020   Code   RO          516    .text.USB_ActivateSetup  stm32f4xx_ll_usb.o
    0x08006a50   0x08006a50   0x00000212   Code   RO          452    .text.USB_CoreInit  stm32f4xx_ll_usb.o
    0x08006c62   0x08006c62   0x00000002   PAD
    0x08006c64   0x08006c64   0x00000082   Code   RO          478    .text.USB_DeactivateEndpoint  stm32f4xx_ll_usb.o
    0x08006ce6   0x08006ce6   0x00000002   PAD
    0x08006ce8   0x08006ce8   0x0000001e   Code   RO          498    .text.USB_DevConnect  stm32f4xx_ll_usb.o
    0x08006d06   0x08006d06   0x00000002   PAD
    0x08006d08   0x08006d08   0x0000001e   Code   RO          500    .text.USB_DevDisconnect  stm32f4xx_ll_usb.o
    0x08006d26   0x08006d26   0x00000002   PAD
    0x08006d28   0x08006d28   0x000004b6   Code   RO          464    .text.USB_DevInit   stm32f4xx_ll_usb.o
    0x080071de   0x080071de   0x00000002   PAD
    0x080071e0   0x080071e0   0x0000000e   Code   RO          458    .text.USB_DisableGlobalInt  stm32f4xx_ll_usb.o
    0x080071ee   0x080071ee   0x00000002   PAD
    0x080071f0   0x080071f0   0x0000005a   Code   RO          518    .text.USB_EP0_OutStart  stm32f4xx_ll_usb.o
    0x0800724a   0x0800724a   0x00000002   PAD
    0x0800724c   0x0800724c   0x00000052   Code   RO          492    .text.USB_EPClearStall  stm32f4xx_ll_usb.o
    0x0800729e   0x0800729e   0x00000002   PAD
    0x080072a0   0x080072a0   0x0000003e   Code   RO          490    .text.USB_EPSetStall  stm32f4xx_ll_usb.o
    0x080072de   0x080072de   0x00000002   PAD
    0x080072e0   0x080072e0   0x0000023a   Code   RO          482    .text.USB_EPStartXfer  stm32f4xx_ll_usb.o
    0x0800751a   0x0800751a   0x00000002   PAD
    0x0800751c   0x0800751c   0x0000010e   Code   RO          486    .text.USB_EPStopXfer  stm32f4xx_ll_usb.o
    0x0800762a   0x0800762a   0x00000002   PAD
    0x0800762c   0x0800762c   0x0000000e   Code   RO          456    .text.USB_EnableGlobalInt  stm32f4xx_ll_usb.o
    0x0800763a   0x0800763a   0x00000002   PAD
    0x0800763c   0x0800763c   0x000000be   Code   RO          468    .text.USB_FlushTxFifo  stm32f4xx_ll_usb.o
    0x080076fa   0x080076fa   0x00000002   PAD
    0x080076fc   0x080076fc   0x0000001a   Code   RO          472    .text.USB_GetDevSpeed  stm32f4xx_ll_usb.o
    0x08007716   0x08007716   0x00000002   PAD
    0x08007718   0x08007718   0x00000008   Code   RO          462    .text.USB_GetMode   stm32f4xx_ll_usb.o
    0x08007720   0x08007720   0x0000000e   Code   RO          508    .text.USB_ReadDevAllInEpInterrupt  stm32f4xx_ll_usb.o
    0x0800772e   0x0800772e   0x00000002   PAD
    0x08007730   0x08007730   0x0000000e   Code   RO          506    .text.USB_ReadDevAllOutEpInterrupt  stm32f4xx_ll_usb.o
    0x0800773e   0x0800773e   0x00000002   PAD
    0x08007740   0x08007740   0x00000024   Code   RO          512    .text.USB_ReadDevInEPInterrupt  stm32f4xx_ll_usb.o
    0x08007764   0x08007764   0x00000010   Code   RO          510    .text.USB_ReadDevOutEPInterrupt  stm32f4xx_ll_usb.o
    0x08007774   0x08007774   0x00000008   Code   RO          502    .text.USB_ReadInterrupts  stm32f4xx_ll_usb.o
    0x0800777c   0x0800777c   0x000000aa   Code   RO          488    .text.USB_ReadPacket  stm32f4xx_ll_usb.o
    0x08007826   0x08007826   0x00000002   PAD
    0x08007828   0x08007828   0x00000368   Code   RO          460    .text.USB_SetCurrentMode  stm32f4xx_ll_usb.o
    0x08007b90   0x08007b90   0x00000022   Code   RO          496    .text.USB_SetDevAddress  stm32f4xx_ll_usb.o
    0x08007bb2   0x08007bb2   0x00000002   PAD
    0x08007bb4   0x08007bb4   0x00000118   Code   RO          454    .text.USB_SetTurnaroundTime  stm32f4xx_ll_usb.o
    0x08007ccc   0x08007ccc   0x0000006a   Code   RO          484    .text.USB_WritePacket  stm32f4xx_ll_usb.o
    0x08007d36   0x08007d36   0x00000002   PAD
    0x08007d38   0x08007d38   0x00000002   Code   RO          158    .text.UsageFault_Handler  stm32f4xx_it.o
    0x08007d3a   0x08007d3a   0x00000002   PAD
    0x08007d3c   0x08007d3c   0x00000026   Code   RO         2093    .text._Z17Math_Int_To_Floatiiiff  drv_math.o
    0x08007d62   0x08007d62   0x00000002   PAD
    0x08007d64   0x08007d64   0x00000086   Code   RO         1876    .text._Z21Task1ms_TIM5_Callbackv  task_callback_and_config.o
    0x08007dea   0x08007dea   0x00000002   PAD
    0x08007dec   0x08007dec   0x0000000a   Code   RO         2077    .text._Z22Math_Endian_Reverse_16PvS_  drv_math.o
    0x08007df6   0x08007df6   0x00000002   PAD
    0x08007df8   0x08007df8   0x0000002c   Code   RO         1870    .text._Z28Chariot_Device_CAN1_CallbackP20Struct_CAN_Rx_Buffer  task_callback_and_config.o
    0x08007e24   0x08007e24   0x00000032   Code   RO         1872    .text._Z28Chariot_Device_CAN2_CallbackP20Struct_CAN_Rx_Buffer  task_callback_and_config.o
    0x08007e56   0x08007e56   0x00000002   PAD
    0x08007e58   0x08007e58   0x00000062   Code   RO         2016    .text._Z29TIM_CAN_PeriodElapsedCallbackv  drv_can.o
    0x08007eba   0x08007eba   0x00000002   PAD
    0x08007ebc   0x08007ebc   0x000000ee   Code   RO         2008    .text._Z8CAN_InitP17CAN_HandleTypeDefPFvP20Struct_CAN_Rx_BufferE  drv_can.o
    0x08007faa   0x08007faa   0x00000002   PAD
    0x08007fac   0x08007fac   0x000000d2   Code   RO         2169    .text._ZN11Class_Slope35TIM_Calculate_PeriodElapsedCallbackEv  alg_slope.o
    0x0800807e   0x0800807e   0x00000002   PAD
    0x08008080   0x08008080   0x0000000e   Code   RO         2167    .text._ZN11Class_Slope4InitEff  alg_slope.o
    0x0800808e   0x0800808e   0x00000002   PAD
    0x08008090   0x08008090   0x000000a8   Code   RO         1900    .text._ZN13Class_Chariot30CAN_Chassis_Rx_Gimbal_CallbackEv  ita_chariot.o
    0x08008138   0x08008138   0x00000006   Code   RO         1904    .text._ZN13Class_Chariot33TIM_Chariot_PeriodElapsedCallbackEv  ita_chariot.o
    0x0800813e   0x0800813e   0x00000002   PAD
    0x08008140   0x08008140   0x00000014   Code   RO         1894    .text._ZN13Class_Chariot4InitEv  ita_chariot.o
    0x08008154   0x08008154   0x00000018   Code   RO         1902    .text._ZN13Class_Chariot58TIM1msMod50_Gimbal_Communicate_Alive_PeriodElapsedCallbackEv  ita_chariot.o
    0x0800816c   0x0800816c   0x00000140   Code   RO         1942    .text._ZN20Class_DJI_Motor_C62012Data_ProcessEv  dvc_djimotor.o
    0x080082ac   0x080082ac   0x0000000e   Code   RO         1946    .text._ZN20Class_DJI_Motor_C62018CAN_RxCpltCallbackEPh  dvc_djimotor.o
    0x080082ba   0x080082ba   0x00000002   PAD
    0x080082bc   0x080082bc   0x000000ac   Code   RO         1950    .text._ZN20Class_DJI_Motor_C62029TIM_PID_PeriodElapsedCallbackEv  dvc_djimotor.o
    0x08008368   0x08008368   0x0000001c   Code   RO         1948    .text._ZN20Class_DJI_Motor_C62031TIM_Alive_PeriodElapsedCallbackEv  dvc_djimotor.o
    0x08008384   0x08008384   0x000000a6   Code   RO         1940    .text._ZN20Class_DJI_Motor_C6204InitEP17CAN_HandleTypeDef17Enum_DJI_Motor_ID29Enum_DJI_Motor_Control_Methodff  dvc_djimotor.o
    0x0800842a   0x0800842a   0x00000002   PAD
    0x0800842c   0x0800842c   0x0000023c   Code   RO         1992    .text._ZN22Class_Tricycle_Chassis16Speed_ResolutionEv  crt_chassis.o
    0x08008668   0x08008668   0x00000056   Code   RO         1994    .text._ZN22Class_Tricycle_Chassis35TIM_Calculate_PeriodElapsedCallbackE18Enum_Sprint_Status  crt_chassis.o
    0x080086be   0x080086be   0x00000002   PAD
    0x080086c0   0x080086c0   0x000001dc   Code   RO         1990    .text._ZN22Class_Tricycle_Chassis4InitEffff  crt_chassis.o
    0x0800889c   0x0800889c   0x000001d8   Code   RO         2157    .text._ZN9Class_PID32TIM_Adjust_PeriodElapsedCallbackEv  alg_pid.o
    0x08008a74   0x08008a74   0x00000010   Code   RO         2155    .text._ZN9Class_PID4InitEfffffffffff16Enum_PID_D_First  alg_pid.o
    0x08008a84   0x08008a84   0x0000004a   Code   RO           11    .text.main          main.o
    0x08008ace   0x08008ace   0x0000001a   Code   RO         2505    x$fpl$fpinit        fz_wm.l(fpinit.o)
    0x08008ae8   0x08008ae8   0x00000028   Data   RO         1954    .rodata..Lswitch.table._ZN20Class_DJI_Motor_C6204InitEP17CAN_HandleTypeDef17Enum_DJI_Motor_ID29Enum_DJI_Motor_Control_Methodff  dvc_djimotor.o
    0x08008b10   0x08008b10   0x00000028   Data   RO         1955    .rodata..Lswitch.table._ZN20Class_DJI_Motor_C6204InitEP17CAN_HandleTypeDef17Enum_DJI_Motor_ID29Enum_DJI_Motor_Control_Methodff.4  dvc_djimotor.o
    0x08008b38   0x08008b38   0x00000010   Data   RO         1720    .rodata.AHBPrescTable  system_stm32f4xx.o
    0x08008b48   0x08008b48   0x00000008   Data   RO         1721    .rodata.APBPrescTable  system_stm32f4xx.o
    0x08008b50   0x08008b50   0x00000008   Data   RO          728    .rodata.cst8        stm32f4xx_hal_dma.o
    0x08008b58   0x08008b58   0x00000020   Data   RO         2566    Region$$Table       anon$$obj.o


    Execution Region RW_IRAM1 (Exec base: 0x20000000, Load base: 0x08008b78, Size: 0x00004ce0, Max: 0x0001c000, ABSOLUTE, COMPRESSED[0x00000100])

    Exec Addr    Load Addr    Size         Type   Attr      Idx    E Section Name        Object

    0x20000000   COMPRESSED   0x00000008   Data   RW          906    .data..L_MergedGlobals  stm32f4xx_hal.o
    0x20000008   COMPRESSED   0x0000001c   Data   RW          250    .data.FS_Desc       usbd_desc.o
    0x20000024   COMPRESSED   0x00000004   Data   RW         1719    .data.SystemCoreClock  system_stm32f4xx.o
    0x20000028   COMPRESSED   0x00000038   Data   RW         1859    .data.USBD_CDC      usbd_cdc.o
    0x20000060   COMPRESSED   0x00000043   Data   RW         1861    .data.USBD_CDC_CfgDesc  usbd_cdc.o
    0x200000a3   COMPRESSED   0x00000001   PAD
    0x200000a4   COMPRESSED   0x0000000a   Data   RW         1860    .data.USBD_CDC_DeviceQualifierDesc  usbd_cdc.o
    0x200000ae   COMPRESSED   0x00000002   PAD
    0x200000b0   COMPRESSED   0x00000012   Data   RW          251    .data.USBD_FS_DeviceDesc  usbd_desc.o
    0x200000c2   COMPRESSED   0x00000002   PAD
    0x200000c4   COMPRESSED   0x00000014   Data   RW          275    .data.USBD_Interface_fops_FS  usbd_cdc_if.o
    0x200000d8   COMPRESSED   0x00000004   Data   RW          252    .data.USBD_LangIDDesc  usbd_desc.o
    0x200000dc   COMPRESSED   0x0000001a   Data   RW          253    .data.USBD_StringSerial  usbd_desc.o
    0x200000f6   COMPRESSED   0x00000003   Data   RW         2065    .data.can_tx_status  drv_can.o
    0x200000f9   COMPRESSED   0x00000003   PAD
    0x200000fc   COMPRESSED   0x0000053c   Data   RW         1880    .data.chariot       task_callback_and_config.o
    0x20000638        -       0x00000060   Zero   RW         2417    .bss                c_w.l(libspace.o)
    0x20000698        -       0x00000008   Zero   RW         1885    .bss..L_MergedGlobals  task_callback_and_config.o
    0x200006a0        -       0x00000010   Zero   RW         1997    .bss..L_MergedGlobals  crt_chassis.o
    0x200006b0        -       0x00000068   Zero   RW         2066    .bss..L_MergedGlobals  drv_can.o
    0x20000718        -       0x00000028   Zero   RW         2115    .bss..L_MergedGlobals  drv_tim.o
    0x20000740        -       0x00000004   Zero   RW         1881    .bss.Alive_flag     task_callback_and_config.o
    0x20000744        -       0x00000008   Zero   RW         2022    .bss.CAN1_0x2ff_Tx_Data  drv_can.o
    0x2000074c        -       0x00000008   Zero   RW         2031    .bss.CAN2_0x1ff_Tx_Data  drv_can.o
    0x20000754        -       0x00000008   Zero   RW         2032    .bss.CAN2_0x200_Tx_Data  drv_can.o
    0x2000075c        -       0x00000008   Zero   RW         2033    .bss.CAN2_0x2ff_Tx_Data  drv_can.o
    0x20000764        -       0x00000004   Zero   RW           44    .bss.HAL_RCC_CAN1_CLK_ENABLED  can.o
    0x20000768        -       0x00000110   Zero   RW         2130    .bss.UART1_Manage_Object  drv_uart.o
    0x20000878        -       0x00000110   Zero   RW         2131    .bss.UART2_Manage_Object  drv_uart.o
    0x20000988        -       0x00000110   Zero   RW         2132    .bss.UART3_Manage_Object  drv_uart.o
    0x20000a98        -       0x00000110   Zero   RW         2133    .bss.UART4_Manage_Object  drv_uart.o
    0x20000ba8        -       0x00000110   Zero   RW         2134    .bss.UART5_Manage_Object  drv_uart.o
    0x20000cb8        -       0x00000001   Zero   RW         1798    .bss.USBD_SetConfig.cfgidx  usbd_ctlreq.o
    0x20000cb9   COMPRESSED   0x00000003   PAD
    0x20000cbc        -       0x00000200   Zero   RW          254    .bss.USBD_StrDesc   usbd_desc.o
    0x20000ebc        -       0x00000220   Zero   RW          349    .bss.USBD_static_malloc.mem  usbd_conf.o
    0x200010dc        -       0x00000800   Zero   RW          276    .bss.UserRxBufferFS  usbd_cdc_if.o
    0x200018dc        -       0x00000800   Zero   RW          277    .bss.UserTxBufferFS  usbd_cdc_if.o
    0x200020dc        -       0x000002dc   Zero   RW          229    .bss.hUsbDeviceFS   usb_device.o
    0x200023b8        -       0x00000028   Zero   RW           42    .bss.hcan1          can.o
    0x200023e0        -       0x00000028   Zero   RW           43    .bss.hcan2          can.o
    0x20002408        -       0x00000060   Zero   RW           69    .bss.hdma_i2c3_rx   i2c.o
    0x20002468        -       0x00000060   Zero   RW           70    .bss.hdma_i2c3_tx   i2c.o
    0x200024c8        -       0x00000060   Zero   RW           86    .bss.hdma_spi1_rx   spi.o
    0x20002528        -       0x00000060   Zero   RW           87    .bss.hdma_spi1_tx   spi.o
    0x20002588        -       0x00000060   Zero   RW          138    .bss.hdma_usart1_rx  usart.o
    0x200025e8        -       0x00000060   Zero   RW          139    .bss.hdma_usart3_rx  usart.o
    0x20002648        -       0x00000060   Zero   RW          140    .bss.hdma_usart6_rx  usart.o
    0x200026a8        -       0x00000060   Zero   RW          141    .bss.hdma_usart6_tx  usart.o
    0x20002708        -       0x00000054   Zero   RW           68    .bss.hi2c3          i2c.o
    0x2000275c        -       0x000004e4   Zero   RW          348    .bss.hpcd_USB_OTG_FS  usbd_conf.o
    0x20002c40        -       0x00000058   Zero   RW           85    .bss.hspi1          spi.o
    0x20002c98        -       0x00000048   Zero   RW          112    .bss.htim1          tim.o
    0x20002ce0        -       0x00000048   Zero   RW          116    .bss.htim10         tim.o
    0x20002d28        -       0x00000048   Zero   RW          113    .bss.htim3          tim.o
    0x20002d70        -       0x00000048   Zero   RW          114    .bss.htim4          tim.o
    0x20002db8        -       0x00000048   Zero   RW          115    .bss.htim5          tim.o
    0x20002e00        -       0x00000048   Zero   RW          135    .bss.huart1         usart.o
    0x20002e48        -       0x00000048   Zero   RW          136    .bss.huart3         usart.o
    0x20002e90        -       0x00000048   Zero   RW          137    .bss.huart6         usart.o
    0x20002ed8        -       0x00000004   Zero   RW          905    .bss.uwTick         stm32f4xx_hal.o
    0x20002edc   COMPRESSED   0x00000004   PAD
    0x20002ee0        -       0x00000f00   Zero   RW            2    HEAP                startup_stm32f407xx.o
    0x20003de0        -       0x00000f00   Zero   RW            1    STACK               startup_stm32f407xx.o


    Execution Region RW_IRAM2 (Exec base: 0x2001c000, Load base: 0x08008c78, Size: 0x00000000, Max: 0x00004000, ABSOLUTE)

    **** No section assigned to this execution region ****


==============================================================================

Image component sizes


      Code (inc. data)   RO Data    RW Data    ZI Data      Debug   Object Name

       488          4          0          0          0      18013   alg_pid.o
       224          0          0          0          0      15814   alg_slope.o
       452          0          0          0         84       6897   can.o
      1134         52          0          0         16      30407   crt_chassis.o
       188          0          0          0          0       3540   dma.o
       548          0          0          3        136      15521   drv_can.o
        48          0          0          0          0      19219   drv_math.o
       246          0          0          0         40       4122   drv_tim.o
       178          0          0          0       1360       4741   drv_uart.o
       700         24         80          0          0      34764   dvc_djimotor.o
       404          0          0          0          0       4201   gpio.o
       376          0          0          0        276       5515   i2c.o
       218          4          0          0          0      28302   ita_chariot.o
       252          0          0          0          0       2907   main.o
       410          0          0          0        280       5346   spi.o
        64         26        392          0       7680        868   startup_stm32f407xx.o
       204          0          0          8          4       7326   stm32f4xx_hal.o
      1696          6          0          0          0      13854   stm32f4xx_hal_can.o
       196          0          0          0          0      10743   stm32f4xx_hal_cortex.o
      1146          6          8          0          0      10555   stm32f4xx_hal_dma.o
       448          0          0          0          0       5373   stm32f4xx_hal_gpio.o
       356          0          0          0          0      44428   stm32f4xx_hal_i2c.o
        56          0          0          0          0       1482   stm32f4xx_hal_msp.o
      3576          0          0          0          0      17282   stm32f4xx_hal_pcd.o
       216          0          0          0          0       4755   stm32f4xx_hal_pcd_ex.o
      1490          0          0          0          0       7406   stm32f4xx_hal_rcc.o
       176          0          0          0          0      26368   stm32f4xx_hal_spi.o
      1978          6          0          0          0      57361   stm32f4xx_hal_tim.o
       266          0          0          0          0      21508   stm32f4xx_hal_tim_ex.o
      3230          0          0          0          0      32165   stm32f4xx_hal_uart.o
       260          0          0          0          0      11417   stm32f4xx_it.o
      4964          0          0          0          0      39908   stm32f4xx_ll_usb.o
        18          0         24          4          0       2670   system_stm32f4xx.o
       314         16          0       1340         12      28631   task_callback_and_config.o
      1258          0          0          0        360      11654   tim.o
       892          0          0          0        600       7966   usart.o
       114          0          0          0        732       3214   usb_device.o
      1156         12          0        133          0      11506   usbd_cdc.o
        84          0          0         20       4096       4912   usbd_cdc_if.o
       784          0          0          0       1796      18364   usbd_conf.o
       986          0          0          0          0      11105   usbd_core.o
      1676         34          0          0          1      11033   usbd_ctlreq.o
       564         72          0         76        512       4140   usbd_desc.o
       128          0          0          0          0       4739   usbd_ioreq.o

    ----------------------------------------------------------------------
     34466        262        536       1592      17992     632042   Object Totals
         0          0         32          0          0          0   (incl. Generated)
       304          0          0          8          7          0   (incl. Padding)

    ----------------------------------------------------------------------

      Code (inc. data)   RO Data    RW Data    ZI Data      Debug   Library Member Name

        58          0          0          0          0          0   __dczerorl.o
         8          0          0          0          0         68   __main.o
         0          0          0          0          0          0   __rtentry.o
        12          0          0          0          0          0   __rtentry2.o
         6          0          0          0          0          0   __rtentry4.o
        94          8          0          0          0          0   __scatter.o
        28          0          0          0          0          0   __scatter_zi.o
        18          0          0          0          0         80   exit.o
         6          0          0          0          0        152   heapauxi.o
         0          0          0          0          0          0   indicate_semi.o
         2          0          0          0          0          0   libinit.o
         6          0          0          0          0          0   libinit2.o
         2          0          0          0          0          0   libshutdown.o
         2          0          0          0          0          0   libshutdown2.o
         8          4          0          0         96         68   libspace.o
       240          0          0          0          0        100   lludivv7m.o
        78          0          0          0          0         80   rt_memclr_w.o
         2          0          0          0          0          0   rtexit.o
        10          0          0          0          0          0   rtexit2.o
        12          4          0          0          0         68   sys_exit.o
        74          0          0          0          0         80   sys_stackheap_outer.o
         2          0          0          0          0         68   use_no_semi.o
        26          0          0          0          0        116   fpinit.o

    ----------------------------------------------------------------------
       702         16          0          0         96        880   Library Totals
         8          0          0          0          0          0   (incl. Padding)

    ----------------------------------------------------------------------

      Code (inc. data)   RO Data    RW Data    ZI Data      Debug   Library Name

       668         16          0          0         96        764   c_w.l
        26          0          0          0          0        116   fz_wm.l

    ----------------------------------------------------------------------
       702         16          0          0         96        880   Library Totals

    ----------------------------------------------------------------------

==============================================================================


      Code (inc. data)   RO Data    RW Data    ZI Data      Debug   

     35168        278        536       1592      18088     631890   Grand Totals
     35168        278        536        256      18088     631890   ELF Image Totals (compressed)
     35168        278        536        256          0          0   ROM Totals

==============================================================================

    Total RO  Size (Code + RO Data)                35704 (  34.87kB)
    Total RW  Size (RW Data + ZI Data)             19680 (  19.22kB)
    Total ROM Size (Code + RO Data + RW Data)      35960 (  35.12kB)

==============================================================================

